Assignment 4 ci log tests - Mohammad Hider

- Log test #1
add github actions ci #1
All jobs
Run details
Annotations
1 warning
build
succeeded 14 minutes ago in 17s
Search logs
1s
Current runner version: '2.333.1'
Runner Image Provisioner
Operating System
Runner Image
GITHUB_TOKEN Permissions
Secret source: Actions
Prepare workflow directory
Prepare all required actions
Getting action download info
Download action repository 'actions/checkout@v4' (SHA:34e114876b0b11c390a56381ad16ebd13914f8d5)
Download action repository 'actions/setup-java@v4' (SHA:c1e323688fd81a25caa38c78aa6df2d33d3e20d9)
Complete job name: build
1s
Run actions/checkout@v4
Syncing repository: Mhider24/testci-common-email
Getting Git version info
Temporarily overriding HOME='/home/runner/work/_temp/efa84d86-75f7-4f1c-a490-cf226f5075fc' before making global git config changes
Adding repository directory to the temporary git global config as a safe directory
/usr/bin/git config --global --add safe.directory /home/runner/work/testci-common-email/testci-common-email
Deleting the contents of '/home/runner/work/testci-common-email/testci-common-email'
Initializing the repository
Disabling automatic garbage collection
Setting up auth
Fetching the repository
Determining the checkout info
/usr/bin/git sparse-checkout disable
/usr/bin/git config --local --unset-all extensions.worktreeConfig
Checking out the ref
/usr/bin/git log -1 --format=%H
8fa9b29133e6019c2f3c162c5eebcd99c5def72e
0s
Run actions/setup-java@v4
Installed distributions
Creating settings.xml with server-id: github
Writing to /home/runner/.m2/settings.xml
maven cache is not found
12s
Run mvn clean test
[INFO] Scanning for projects...
[INFO] 
[INFO] ------------------< org.apache.commons:commons-email >------------------
[INFO] Building Commons Email 1.3.2
[INFO]   from pom.xml
[INFO] --------------------------------[ jar ]---------------------------------
Downloading from central: https://repo.maven.apache.org/maven2/org/apache/maven/plugins/maven-scm-publish-plugin/maven-metadata.xml
Progress (1): 578 B
                   
Downloaded from central: https://repo.maven.apache.org/maven2/org/apache/maven/plugins/maven-scm-publish-plugin/maven-metadata.xml (578 B at 1.6 kB/s)
Downloading from central: https://repo.maven.apache.org/maven2/org/apache/maven/plugins/maven-scm-publish-plugin/3.3.0/maven-scm-publish-plugin-3.3.0.pom
Progress (1): 779 B
Progress (1): 1.9 kB
Progress (1): 4.8 kB
Progress (1): 6.8 kB
                    
Downloaded from central: https://repo.maven.apache.org/maven2/org/apache/maven/plugins/maven-scm-publish-plugin/3.3.0/maven-scm-publish-plugin-3.3.0.pom (6.8 kB at 151 kB/s)
Downloading from central: https://repo.maven.apache.org/maven2/org/apache/maven/plugins/maven-plugins/42/maven-plugins-42.pom
Progress (1): 773 B
Progress (1): 1.8 kB
Progress (1): 4.3 kB
Progress (1): 6.8 kB
Progress (1): 7.7 kB
                    
Downloaded from central: https://repo.maven.apache.org/maven2/org/apache/maven/plugins/maven-plugins/42/maven-plugins-42.pom (7.7 kB at 202 kB/s)
Downloading from central: https://repo.maven.apache.org/maven2/org/apache/maven/maven-parent/42/maven-parent-42.pom
Progress (1): 724 B
Progress (1): 1.6 kB
Progress (1): 4.2 kB
Progress (1): 8.5 kB
Progress (1): 12 kB 
Progress (1): 16 kB
Progress (1): 21 kB
Progress (1): 23 kB
Progress (1): 27 kB
Progress (1): 28 kB
Progress (1): 30 kB
Progress (1): 33 kB
Progress (1): 36 kB
Progress (1): 38 kB
Progress (1): 41 kB
Progress (1): 44 kB
Progress (1): 47 kB
Progress (1): 50 kB
                   
Downloaded from central: https://repo.maven.apache.org/maven2/org/apache/maven/maven-parent/42/maven-parent-42.pom (50 kB at 1.0 MB/s)
Downloading from central: https://repo.maven.apache.org/maven2/org/apache/apache/32/apache-32.pom
Progress (1): 733 B
Progress (1): 1.6 kB
Progress (1): 3.4 kB
Progress (1): 5.1 kB
Progress (1): 7.1 kB
Progress (1): 12 kB 
Progress (1): 17 kB
Progress (1): 19 kB
Progress (1): 22 kB
Progress (1): 24 kB
                   
Downloaded from central: https://repo.maven.apache.org/maven2/org/apache/apache/32/apache-32.pom (24 kB at 410 kB/s)
Downloading from central: https://repo.maven.apache.org/maven2/org/junit/junit-bom/5.10.2/junit-bom-5.10.2.pom
Progress (1): 908 B
Progress (1): 4.1 kB
Progress (1): 5.6 kB
                    
Downloaded from central: https://repo.maven.apache.org/maven2/org/junit/junit-bom/5.10.2/junit-bom-5.10.2.pom (5.6 kB at 177 kB/s)
Downloading from central: https://repo.maven.apache.org/maven2/org/apache/maven/plugins/maven-scm-publish-plugin/3.3.0/maven-scm-publish-plugin-3.3.0.jar
Progress (1): 0.9/37 kB
Progress (1): 2.3/37 kB
Progress (1): 3.6/37 kB
Progress (1): 5.0/37 kB
Progress (1): 6.4/37 kB
Progress (1): 7.7/37 kB
Progress (1): 9.1/37 kB
Progress (1): 10/37 kB 
Progress (1): 12/37 kB
Progress (1): 13/37 kB
Progress (1): 15/37 kB
Progress (1): 16/37 kB
Progress (1): 17/37 kB
Progress (1): 19/37 kB
Progress (1): 20/37 kB
Progress (1): 21/37 kB
Progress (1): 24/37 kB
Progress (1): 28/37 kB
Progress (1): 33/37 kB
Progress (1): 37 kB   
                   
Downloaded from central: https://repo.maven.apache.org/maven2/org/apache/maven/plugins/maven-scm-publish-plugin/3.3.0/maven-scm-publish-plugin-3.3.0.jar (37 kB at 800 kB/s)
Downloading from central: https://repo.maven.apache.org/maven2/org/apache/maven/plugins/maven-clean-plugin/3.2.0/maven-clean-plugin-3.2.0.pom
Progress (1): 780 B
Progress (1): 2.2 kB
Progress (1): 4.7 kB
Progress (1): 5.3 kB
                    
Downloaded from central: https://repo.maven.apache.org/maven2/org/apache/maven/plugins/maven-clean-plugin/3.2.0/maven-clean-plugin-3.2.0.pom (5.3 kB at 136 kB/s)
Downloading from central: https://repo.maven.apache.org/maven2/org/apache/maven/plugins/maven-plugins/35/maven-plugins-35.pom
Progress (1): 752 B
Progress (1): 2.2 kB
Progress (1): 4.5 kB
Progress (1): 7.3 kB
Progress (1): 9.9 kB
                    
Downloaded from central: https://repo.maven.apache.org/maven2/org/apache/maven/plugins/maven-plugins/35/maven-plugins-35.pom (9.9 kB at 283 kB/s)
Downloading from central: https://repo.maven.apache.org/maven2/org/apache/maven/maven-parent/35/maven-parent-35.pom
Progress (1): 774 B
Progress (1): 2.0 kB
Progress (1): 5.7 kB
Progress (1): 7.7 kB
Progress (1): 11 kB 
Progress (1): 16 kB
Progress (1): 21 kB
Progress (1): 25 kB
Progress (1): 27 kB
Progress (1): 29 kB
Progress (1): 32 kB
Progress (1): 36 kB
Progress (1): 36 kB
Progress (1): 39 kB
Progress (1): 43 kB
Progress (1): 45 kB
                   
Downloaded from central: https://repo.maven.apache.org/maven2/org/apache/maven/maven-parent/35/maven-parent-35.pom (45 kB at 924 kB/s)
Downloading from central: https://repo.maven.apache.org/maven2/org/apache/apache/25/apache-25.pom
Progress (1): 743 B
Progress (1): 2.1 kB
Progress (1): 3.9 kB
Progress (1): 7.3 kB
Progress (1): 12 kB 
Progress (1): 16 kB
Progress (1): 19 kB
Progress (1): 19 kB
Progress (1): 21 kB
                   
Downloaded from central: https://repo.maven.apache.org/maven2/org/apache/apache/25/apache-25.pom (21 kB at 527 kB/s)
Downloading from central: https://repo.maven.apache.org/maven2/org/apache/maven/plugins/maven-clean-plugin/3.2.0/maven-clean-plugin-3.2.0.jar
Progress (1): 4.2/36 kB
Progress (1): 8.2/36 kB
Progress (1): 12/36 kB 
Progress (1): 17/36 kB
Progress (1): 21/36 kB
Progress (1): 25/36 kB
Progress (1): 29/36 kB
Progress (1): 34/36 kB
Progress (1): 36 kB   
                   
Downloaded from central: https://repo.maven.apache.org/maven2/org/apache/maven/plugins/maven-clean-plugin/3.2.0/maven-clean-plugin-3.2.0.jar (36 kB at 811 kB/s)
Downloading from central: https://repo.maven.apache.org/maven2/org/apache/maven/plugins/maven-resources-plugin/3.4.0/maven-resources-plugin-3.4.0.pom
Progress (1): 766 B
Progress (1): 2.1 kB
Progress (1): 4.9 kB
Progress (1): 7.4 kB
Progress (1): 7.9 kB
                    
Downloaded from central: https://repo.maven.apache.org/maven2/org/apache/maven/plugins/maven-resources-plugin/3.4.0/maven-resources-plugin-3.4.0.pom (7.9 kB at 164 kB/s)
Downloading from central: https://repo.maven.apache.org/maven2/org/apache/maven/plugins/maven-plugins/45/maven-plugins-45.pom
Progress (1): 772 B
Progress (1): 2.3 kB
Progress (1): 4.9 kB
Progress (1): 7.8 kB
Progress (1): 8.4 kB
                    
Downloaded from central: https://repo.maven.apache.org/maven2/org/apache/maven/plugins/maven-plugins/45/maven-plugins-45.pom (8.4 kB at 246 kB/s)
Downloading from central: https://repo.maven.apache.org/maven2/org/apache/maven/maven-parent/45/maven-parent-45.pom
Progress (1): 708 B
Progress (1): 1.9 kB
Progress (1): 5.5 kB
Progress (1): 9.7 kB
Progress (1): 14 kB 
Progress (1): 19 kB
Progress (1): 23 kB
Progress (1): 25 kB
Progress (1): 27 kB
Progress (1): 29 kB
Progress (1): 33 kB
Progress (1): 37 kB
Progress (1): 39 kB
Progress (1): 42 kB
Progress (1): 45 kB
Progress (1): 50 kB
Progress (1): 50 kB
Progress (1): 53 kB
                   
Downloaded from central: https://repo.maven.apache.org/maven2/org/apache/maven/maven-parent/45/maven-parent-45.pom (53 kB at 1.6 MB/s)
Downloading from central: https://repo.maven.apache.org/maven2/org/apache/apache/35/apache-35.pom
Progress (1): 739 B
Progress (1): 2.1 kB
Progress (1): 4.0 kB
Progress (1): 5.9 kB
Progress (1): 11 kB 
Progress (1): 15 kB
Progress (1): 19 kB
Progress (1): 20 kB
Progress (1): 22 kB
Progress (1): 24 kB
                   
Downloaded from central: https://repo.maven.apache.org/maven2/org/apache/apache/35/apache-35.pom (24 kB at 758 kB/s)
Downloading from central: https://repo.maven.apache.org/maven2/org/junit/junit-bom/5.13.1/junit-bom-5.13.1.pom
Progress (1): 908 B
Progress (1): 4.1 kB
Progress (1): 5.6 kB
                    
Downloaded from central: https://repo.maven.apache.org/maven2/org/junit/junit-bom/5.13.1/junit-bom-5.13.1.pom (5.6 kB at 171 kB/s)
Downloading from central: https://repo.maven.apache.org/maven2/org/apache/maven/plugins/maven-resources-plugin/3.4.0/maven-resources-plugin-3.4.0.jar
Progress (1): 3.8/31 kB
Progress (1): 8.0/31 kB
Progress (1): 24/31 kB 
Progress (1): 31 kB   
                   
Downloaded from central: https://repo.maven.apache.org/maven2/org/apache/maven/plugins/maven-resources-plugin/3.4.0/maven-resources-plugin-3.4.0.jar (31 kB at 1.2 MB/s)
Downloading from central: https://repo.maven.apache.org/maven2/org/apache/maven/plugins/maven-compiler-plugin/3.15.0/maven-compiler-plugin-3.15.0.pom
Progress (1): 758 B
Progress (1): 2.3 kB
Progress (1): 4.6 kB
Progress (1): 8.3 kB
Progress (1): 9.5 kB
                    
Downloaded from central: https://repo.maven.apache.org/maven2/org/apache/maven/plugins/maven-compiler-plugin/3.15.0/maven-compiler-plugin-3.15.0.pom (9.5 kB at 265 kB/s)
Downloading from central: https://repo.maven.apache.org/maven2/org/apache/maven/plugins/maven-plugins/47/maven-plugins-47.pom
Progress (1): 771 B
Progress (1): 2.3 kB
Progress (1): 4.9 kB
Progress (1): 7.2 kB
                    
Downloaded from central: https://repo.maven.apache.org/maven2/org/apache/maven/plugins/maven-plugins/47/maven-plugins-47.pom (7.2 kB at 248 kB/s)
Downloading from central: https://repo.maven.apache.org/maven2/org/apache/maven/maven-parent/47/maven-parent-47.pom
Progress (1): 716 B
Progress (1): 1.9 kB
Progress (1): 5.6 kB
Progress (1): 9.7 kB
Progress (1): 14 kB 
Progress (1): 19 kB
Progress (1): 23 kB
Progress (1): 27 kB
Progress (1): 28 kB
Progress (1): 32 kB
Progress (1): 35 kB
Progress (1): 38 kB
Progress (1): 41 kB
Progress (1): 44 kB
Progress (1): 47 kB
Progress (1): 48 kB
Progress (1): 53 kB
Progress (1): 54 kB
                   
Downloaded from central: https://repo.maven.apache.org/maven2/org/apache/maven/maven-parent/47/maven-parent-47.pom (54 kB at 1.4 MB/s)
Downloading from central: https://repo.maven.apache.org/maven2/org/apache/apache/37/apache-37.pom
Progress (1): 733 B
Progress (1): 2.0 kB
Progress (1): 4.0 kB
Progress (1): 5.9 kB
Progress (1): 10 kB 
Progress (1): 16 kB
Progress (1): 19 kB
Progress (1): 22 kB
Progress (1): 24 kB
Progress (1): 26 kB
                   
Downloaded from central: https://repo.maven.apache.org/maven2/org/apache/apache/37/apache-37.pom (26 kB at 692 kB/s)
Downloading from central: https://repo.maven.apache.org/maven2/org/junit/junit-bom/5.14.2/junit-bom-5.14.2.pom
Progress (1): 908 B
Progress (1): 4.1 kB
Progress (1): 5.7 kB
                    
Downloaded from central: https://repo.maven.apache.org/maven2/org/junit/junit-bom/5.14.2/junit-bom-5.14.2.pom (5.7 kB at 177 kB/s)
Downloading from central: https://repo.maven.apache.org/maven2/org/apache/maven/plugins/maven-compiler-plugin/3.15.0/maven-compiler-plugin-3.15.0.jar
Progress (1): 7.4/84 kB
Progress (1): 16/84 kB 
Progress (1): 32/84 kB
Progress (1): 48/84 kB
Progress (1): 65/84 kB
Progress (1): 81/84 kB
Progress (1): 84 kB   
                   
Downloaded from central: https://repo.maven.apache.org/maven2/org/apache/maven/plugins/maven-compiler-plugin/3.15.0/maven-compiler-plugin-3.15.0.jar (84 kB at 2.6 MB/s)
Downloading from central: https://repo.maven.apache.org/maven2/org/apache/maven/plugins/maven-surefire-plugin/3.5.4/maven-surefire-plugin-3.5.4.pom
Progress (1): 827 B
Progress (1): 3.3 kB
Progress (1): 4.9 kB
                    
Downloaded from central: https://repo.maven.apache.org/maven2/org/apache/maven/plugins/maven-surefire-plugin/3.5.4/maven-surefire-plugin-3.5.4.pom (4.9 kB at 162 kB/s)
Downloading from central: https://repo.maven.apache.org/maven2/org/apache/maven/surefire/surefire/3.5.4/surefire-3.5.4.pom
Progress (1): 791 B
Progress (1): 2.4 kB
Progress (1): 4.1 kB
Progress (1): 7.8 kB
Progress (1): 11 kB 
Progress (1): 13 kB
Progress (1): 16 kB
Progress (1): 18 kB
Progress (1): 19 kB
                   
Downloaded from central: https://repo.maven.apache.org/maven2/org/apache/maven/surefire/surefire/3.5.4/surefire-3.5.4.pom (19 kB at 416 kB/s)
Downloading from central: https://repo.maven.apache.org/maven2/org/apache/maven/maven-parent/44/maven-parent-44.pom
Progress (1): 708 B
Progress (1): 1.9 kB
Progress (1): 5.5 kB
Progress (1): 9.7 kB
Progress (1): 14 kB 
Progress (1): 19 kB
Progress (1): 23 kB
Progress (1): 26 kB
Progress (1): 28 kB
Progress (1): 32 kB
Progress (1): 36 kB
Progress (1): 39 kB
Progress (1): 42 kB
Progress (1): 45 kB
Progress (1): 49 kB
Progress (1): 49 kB
Progress (1): 52 kB
                   
Downloaded from central: https://repo.maven.apache.org/maven2/org/apache/maven/maven-parent/44/maven-parent-44.pom (52 kB at 1.6 MB/s)
Downloading from central: https://repo.maven.apache.org/maven2/org/apache/apache/34/apache-34.pom
Progress (1): 737 B
Progress (1): 2.0 kB
Progress (1): 4.0 kB
Progress (1): 5.9 kB
Progress (1): 11 kB 
Progress (1): 15 kB
Progress (1): 19 kB
Progress (1): 22 kB
Progress (1): 24 kB
                   
Downloaded from central: https://repo.maven.apache.org/maven2/org/apache/apache/34/apache-34.pom (24 kB at 674 kB/s)
Downloading from central: https://repo.maven.apache.org/maven2/org/junit/junit-bom/5.12.1/junit-bom-5.12.1.pom
Progress (1): 908 B
Progress (1): 4.1 kB
Progress (1): 5.6 kB
                    
Downloaded from central: https://repo.maven.apache.org/maven2/org/junit/junit-bom/5.12.1/junit-bom-5.12.1.pom (5.6 kB at 105 kB/s)
Downloading from central: https://repo.maven.apache.org/maven2/org/apache/maven/plugins/maven-surefire-plugin/3.5.4/maven-surefire-plugin-3.5.4.jar
Progress (1): 7.7/46 kB
Progress (1): 16/46 kB 
Progress (1): 32/46 kB
Progress (1): 46 kB   
                   
Downloaded from central: https://repo.maven.apache.org/maven2/org/apache/maven/plugins/maven-surefire-plugin/3.5.4/maven-surefire-plugin-3.5.4.jar (46 kB at 1.3 MB/s)
Downloading from central: https://repo.maven.apache.org/maven2/javax/mail/mail/1.4.5/mail-1.4.5.pom
Progress (1): 728 B
Progress (1): 2.1 kB
Progress (1): 3.7 kB
Progress (1): 5.3 kB
                    
Downloaded from central: https://repo.maven.apache.org/maven2/javax/mail/mail/1.4.5/mail-1.4.5.pom (5.3 kB at 106 kB/s)
Downloading from central: https://repo.maven.apache.org/maven2/com/sun/mail/all/1.4.5/all-1.4.5.pom
Progress (1): 675 B
Progress (1): 2.0 kB
Progress (1): 3.4 kB
Progress (1): 5.2 kB
Progress (1): 6.9 kB
Progress (1): 9.5 kB
Progress (1): 11 kB 
Progress (1): 14 kB
Progress (1): 16 kB
Progress (1): 19 kB
                   
Downloaded from central: https://repo.maven.apache.org/maven2/com/sun/mail/all/1.4.5/all-1.4.5.pom (19 kB at 356 kB/s)
Downloading from central: https://repo.maven.apache.org/maven2/net/java/jvnet-parent/1/jvnet-parent-1.pom
Progress (1): 843 B
Progress (1): 2.5 kB
Progress (1): 4.7 kB
                    
Downloaded from central: https://repo.maven.apache.org/maven2/net/java/jvnet-parent/1/jvnet-parent-1.pom (4.7 kB at 181 kB/s)
Downloading from central: https://repo.maven.apache.org/maven2/javax/activation/activation/1.1/activation-1.1.pom
Progress (1): 1.1 kB
                    
Downloaded from central: https://repo.maven.apache.org/maven2/javax/activation/activation/1.1/activation-1.1.pom (1.1 kB at 24 kB/s)
Downloading from central: https://repo.maven.apache.org/maven2/javax/activation/activation/1.1.1/activation-1.1.1.pom
Progress (1): 644 B
                   
Downloaded from central: https://repo.maven.apache.org/maven2/javax/activation/activation/1.1.1/activation-1.1.1.pom (644 B at 24 kB/s)
Downloading from central: https://repo.maven.apache.org/maven2/junit/junit/4.11/junit-4.11.pom
Progress (1): 1.2 kB
Progress (1): 2.3 kB
                    
Downloaded from central: https://repo.maven.apache.org/maven2/junit/junit/4.11/junit-4.11.pom (2.3 kB at 59 kB/s)
Downloading from central: https://repo.maven.apache.org/maven2/org/hamcrest/hamcrest-core/1.3/hamcrest-core-1.3.pom
Progress (1): 766 B
                   
Downloaded from central: https://repo.maven.apache.org/maven2/org/hamcrest/hamcrest-core/1.3/hamcrest-core-1.3.pom (766 B at 17 kB/s)
Downloading from central: https://repo.maven.apache.org/maven2/org/hamcrest/hamcrest-parent/1.3/hamcrest-parent-1.3.pom
Progress (1): 1.1 kB
Progress (1): 2.0 kB
                    
Downloaded from central: https://repo.maven.apache.org/maven2/org/hamcrest/hamcrest-parent/1.3/hamcrest-parent-1.3.pom (2.0 kB at 51 kB/s)
Downloading from central: https://repo.maven.apache.org/maven2/commons-io/commons-io/2.2/commons-io-2.2.pom
Progress (1): 797 B
Progress (1): 2.1 kB
Progress (1): 5.6 kB
Progress (1): 7.8 kB
Progress (1): 10.0 kB
Progress (1): 11 kB  
                   
Downloaded from central: https://repo.maven.apache.org/maven2/commons-io/commons-io/2.2/commons-io-2.2.pom (11 kB at 356 kB/s)
Downloading from central: https://repo.maven.apache.org/maven2/org/apache/commons/commons-parent/24/commons-parent-24.pom
Progress (1): 719 B
Progress (1): 1.9 kB
Progress (1): 3.2 kB
Progress (1): 4.7 kB
Progress (1): 8.3 kB
Progress (1): 12 kB 
Progress (1): 16 kB
Progress (1): 19 kB
Progress (1): 21 kB
Progress (1): 24 kB
Progress (1): 29 kB
Progress (1): 35 kB
Progress (1): 38 kB
Progress (1): 40 kB
Progress (1): 43 kB
Progress (1): 43 kB
Progress (1): 45 kB
Progress (1): 47 kB
Progress (1): 47 kB
                   
Downloaded from central: https://repo.maven.apache.org/maven2/org/apache/commons/commons-parent/24/commons-parent-24.pom (47 kB at 1.2 MB/s)
Downloading from central: https://repo.maven.apache.org/maven2/org/apache/apache/9/apache-9.pom
Progress (1): 753 B
Progress (1): 2.0 kB
Progress (1): 3.7 kB
Progress (1): 7.1 kB
Progress (1): 11 kB 
Progress (1): 14 kB
Progress (1): 15 kB
                   
Downloaded from central: https://repo.maven.apache.org/maven2/org/apache/apache/9/apache-9.pom (15 kB at 474 kB/s)
Downloading from central: https://repo.maven.apache.org/maven2/org/subethamail/subethasmtp/3.1.7/subethasmtp-3.1.7.pom
Progress (1): 1.2 kB
Progress (1): 3.5 kB
Progress (1): 6.3 kB
Progress (1): 6.4 kB
                    
Downloaded from central: https://repo.maven.apache.org/maven2/org/subethamail/subethasmtp/3.1.7/subethasmtp-3.1.7.pom (6.4 kB at 173 kB/s)
Downloading from central: https://repo.maven.apache.org/maven2/javax/mail/mail/1.4.4/mail-1.4.4.pom
Progress (1): 729 B
Progress (1): 2.1 kB
Progress (1): 3.7 kB
Progress (1): 4.7 kB
                    
Downloaded from central: https://repo.maven.apache.org/maven2/javax/mail/mail/1.4.4/mail-1.4.4.pom (4.7 kB at 152 kB/s)
Downloading from central: https://repo.maven.apache.org/maven2/com/sun/mail/all/1.4.4/all-1.4.4.pom
Progress (1): 677 B
Progress (1): 2.0 kB
Progress (1): 3.4 kB
Progress (1): 5.3 kB
Progress (1): 6.9 kB
Progress (1): 8.7 kB
Progress (1): 11 kB 
Progress (1): 13 kB
Progress (1): 16 kB
Progress (1): 16 kB
                   
Downloaded from central: https://repo.maven.apache.org/maven2/com/sun/mail/all/1.4.4/all-1.4.4.pom (16 kB at 464 kB/s)
Downloading from central: https://repo.maven.apache.org/maven2/org/slf4j/slf4j-api/1.6.1/slf4j-api-1.6.1.pom
Progress (1): 1.4 kB
Progress (1): 3.0 kB
                    
Downloaded from central: https://repo.maven.apache.org/maven2/org/slf4j/slf4j-api/1.6.1/slf4j-api-1.6.1.pom (3.0 kB at 79 kB/s)
Downloading from central: https://repo.maven.apache.org/maven2/org/slf4j/slf4j-parent/1.6.1/slf4j-parent-1.6.1.pom
Progress (1): 1.0 kB
Progress (1): 3.4 kB
Progress (1): 5.7 kB
Progress (1): 8.8 kB
Progress (1): 9.3 kB
                    
Downloaded from central: https://repo.maven.apache.org/maven2/org/slf4j/slf4j-parent/1.6.1/slf4j-parent-1.6.1.pom (9.3 kB at 186 kB/s)
Downloading from central: https://repo.maven.apache.org/maven2/com/google/code/findbugs/jsr305/1.3.9/jsr305-1.3.9.pom
Progress (1): 965 B
                   
Downloaded from central: https://repo.maven.apache.org/maven2/com/google/code/findbugs/jsr305/1.3.9/jsr305-1.3.9.pom (965 B at 28 kB/s)
Downloading from central: https://repo.maven.apache.org/maven2/org/powermock/powermock-module-junit4/1.4.12/powermock-module-junit4-1.4.12.pom
Progress (1): 1.3 kB
Progress (1): 1.3 kB
                    
Downloaded from central: https://repo.maven.apache.org/maven2/org/powermock/powermock-module-junit4/1.4.12/powermock-module-junit4-1.4.12.pom (1.3 kB at 27 kB/s)
Downloading from central: https://repo.maven.apache.org/maven2/org/powermock/powermock-modules/1.4.12/powermock-modules-1.4.12.pom
Progress (1): 799 B
                   
Downloaded from central: https://repo.maven.apache.org/maven2/org/powermock/powermock-modules/1.4.12/powermock-modules-1.4.12.pom (799 B at 15 kB/s)
Downloading from central: https://repo.maven.apache.org/maven2/org/powermock/powermock/1.4.12/powermock-1.4.12.pom
Progress (1): 766 B
Progress (1): 2.1 kB
Progress (1): 4.4 kB
Progress (1): 7.8 kB
Progress (1): 10 kB 
                   
Downloaded from central: https://repo.maven.apache.org/maven2/org/powermock/powermock/1.4.12/powermock-1.4.12.pom (10 kB at 185 kB/s)
Downloading from central: https://repo.maven.apache.org/maven2/org/sonatype/oss/oss-parent/5/oss-parent-5.pom
Progress (1): 1.2 kB
Progress (1): 3.2 kB
Progress (1): 4.1 kB
                    
Downloaded from central: https://repo.maven.apache.org/maven2/org/sonatype/oss/oss-parent/5/oss-parent-5.pom (4.1 kB at 89 kB/s)
Downloading from central: https://repo.maven.apache.org/maven2/junit/junit/4.8.2/junit-4.8.2.pom
Progress (1): 1.1 kB
Progress (1): 1.5 kB
                    
Downloaded from central: https://repo.maven.apache.org/maven2/junit/junit/4.8.2/junit-4.8.2.pom (1.5 kB at 48 kB/s)
Downloading from central: https://repo.maven.apache.org/maven2/org/powermock/powermock-module-junit4-common/1.4.12/powermock-module-junit4-common-1.4.12.pom
Progress (1): 1.1 kB
                    
Downloaded from central: https://repo.maven.apache.org/maven2/org/powermock/powermock-module-junit4-common/1.4.12/powermock-module-junit4-common-1.4.12.pom (1.1 kB at 38 kB/s)
Downloading from central: https://repo.maven.apache.org/maven2/junit/junit/4.4/junit-4.4.pom
Progress (1): 1.1 kB
Progress (1): 1.2 kB
                    
Downloaded from central: https://repo.maven.apache.org/maven2/junit/junit/4.4/junit-4.4.pom (1.2 kB at 39 kB/s)
Downloading from central: https://repo.maven.apache.org/maven2/org/powermock/powermock-core/1.4.12/powermock-core-1.4.12.pom
Progress (1): 860 B
Progress (1): 2.4 kB
                    
Downloaded from central: https://repo.maven.apache.org/maven2/org/powermock/powermock-core/1.4.12/powermock-core-1.4.12.pom (2.4 kB at 56 kB/s)
Downloading from central: https://repo.maven.apache.org/maven2/org/powermock/powermock-reflect/1.4.12/powermock-reflect-1.4.12.pom
Progress (1): 1.0 kB
                    
Downloaded from central: https://repo.maven.apache.org/maven2/org/powermock/powermock-reflect/1.4.12/powermock-reflect-1.4.12.pom (1.0 kB at 31 kB/s)
Downloading from central: https://repo.maven.apache.org/maven2/org/objenesis/objenesis/1.2/objenesis-1.2.pom
Progress (1): 816 B
Progress (1): 2.7 kB
Progress (1): 3.0 kB
                    
Downloaded from central: https://repo.maven.apache.org/maven2/org/objenesis/objenesis/1.2/objenesis-1.2.pom (3.0 kB at 75 kB/s)
Downloading from central: https://repo.maven.apache.org/maven2/org/objenesis/objenesis-parent/1.2/objenesis-parent-1.2.pom
Progress (1): 720 B
Progress (1): 2.5 kB
Progress (1): 5.2 kB
Progress (1): 8.0 kB
Progress (1): 10 kB 
                   
Downloaded from central: https://repo.maven.apache.org/maven2/org/objenesis/objenesis-parent/1.2/objenesis-parent-1.2.pom (10 kB at 324 kB/s)
Downloading from central: https://repo.maven.apache.org/maven2/org/javassist/javassist/3.16.1-GA/javassist-3.16.1-GA.pom
Progress (1): 921 B
Progress (1): 3.2 kB
Progress (1): 5.5 kB
Progress (1): 7.8 kB
Progress (1): 9.0 kB
                    
Downloaded from central: https://repo.maven.apache.org/maven2/org/javassist/javassist/3.16.1-GA/javassist-3.16.1-GA.pom (9.0 kB at 251 kB/s)
Warning:  1 problem was encountered while building the effective model for org.javassist:javassist:jar:3.16.1-GA during dependency collection step for project (use -X to see details)
Downloading from central: https://repo.maven.apache.org/maven2/org/powermock/powermock-api-easymock/1.4.12/powermock-api-easymock-1.4.12.pom
Progress (1): 1.0 kB
                    
Downloaded from central: https://repo.maven.apache.org/maven2/org/powermock/powermock-api-easymock/1.4.12/powermock-api-easymock-1.4.12.pom (1.0 kB at 35 kB/s)
Downloading from central: https://repo.maven.apache.org/maven2/org/powermock/powermock-api/1.4.12/powermock-api-1.4.12.pom
Progress (1): 806 B
                   
Downloaded from central: https://repo.maven.apache.org/maven2/org/powermock/powermock-api/1.4.12/powermock-api-1.4.12.pom (806 B at 26 kB/s)
Downloading from central: https://repo.maven.apache.org/maven2/org/powermock/powermock-api-support/1.4.12/powermock-api-support-1.4.12.pom
Progress (1): 1.3 kB
                    
Downloaded from central: https://repo.maven.apache.org/maven2/org/powermock/powermock-api-support/1.4.12/powermock-api-support-1.4.12.pom (1.3 kB at 32 kB/s)
Downloading from central: https://repo.maven.apache.org/maven2/org/easymock/easymock/3.1/easymock-3.1.pom
Progress (1): 1.0 kB
Progress (1): 3.2 kB
Progress (1): 5.3 kB
                    
Downloaded from central: https://repo.maven.apache.org/maven2/org/easymock/easymock/3.1/easymock-3.1.pom (5.3 kB at 140 kB/s)
Downloading from central: https://repo.maven.apache.org/maven2/org/easymock/easymock-parent/3.1/easymock-parent-3.1.pom
Progress (1): 1.0 kB
Progress (1): 2.8 kB
Progress (1): 6.5 kB
Progress (1): 9.7 kB
Progress (1): 13 kB 
Progress (1): 13 kB
                   
Downloaded from central: https://repo.maven.apache.org/maven2/org/easymock/easymock-parent/3.1/easymock-parent-3.1.pom (13 kB at 424 kB/s)
Downloading from central: https://repo.maven.apache.org/maven2/cglib/cglib-nodep/2.2.2/cglib-nodep-2.2.2.pom
Progress (1): 1.2 kB
                    
Downloaded from central: https://repo.maven.apache.org/maven2/cglib/cglib-nodep/2.2.2/cglib-nodep-2.2.2.pom (1.2 kB at 42 kB/s)
Downloading from central: https://repo.maven.apache.org/maven2/org/slf4j/slf4j-jdk14/1.6.1/slf4j-jdk14-1.6.1.pom
Progress (1): 1.4 kB
Progress (1): 1.9 kB
                    
Downloaded from central: https://repo.maven.apache.org/maven2/org/slf4j/slf4j-jdk14/1.6.1/slf4j-jdk14-1.6.1.pom (1.9 kB at 55 kB/s)
Downloading from central: https://repo.maven.apache.org/maven2/javax/mail/mail/1.4.5/mail-1.4.5.jar
Progress (1): 7.7/508 kB
Progress (1): 16/508 kB 
Progress (1): 32/508 kB
Progress (1): 49/508 kB
Progress (1): 65/508 kB
Progress (1): 81/508 kB
Progress (1): 98/508 kB
Progress (1): 114/508 kB
Progress (1): 131/508 kB
Progress (1): 147/508 kB
Progress (1): 163/508 kB
Progress (1): 180/508 kB
Progress (1): 196/508 kB
Progress (1): 212/508 kB
Progress (1): 229/508 kB
Progress (1): 232/508 kB
Progress (1): 248/508 kB
Progress (1): 265/508 kB
Progress (1): 281/508 kB
Progress (1): 298/508 kB
Progress (1): 314/508 kB
Progress (1): 330/508 kB
Progress (1): 347/508 kB
Progress (1): 363/508 kB
Progress (1): 380/508 kB
Progress (1): 396/508 kB
Progress (1): 412/508 kB
Progress (1): 429/508 kB
Progress (1): 445/508 kB
Progress (1): 461/508 kB
Progress (1): 478/508 kB
Progress (1): 494/508 kB
Progress (1): 508 kB    
                    
Downloaded from central: https://repo.maven.apache.org/maven2/javax/mail/mail/1.4.5/mail-1.4.5.jar (508 kB at 10 MB/s)
Downloading from central: https://repo.maven.apache.org/maven2/javax/activation/activation/1.1.1/activation-1.1.1.jar
Downloading from central: https://repo.maven.apache.org/maven2/junit/junit/4.11/junit-4.11.jar
Downloading from central: https://repo.maven.apache.org/maven2/org/hamcrest/hamcrest-core/1.3/hamcrest-core-1.3.jar
Downloading from central: https://repo.maven.apache.org/maven2/commons-io/commons-io/2.2/commons-io-2.2.jar
Downloading from central: https://repo.maven.apache.org/maven2/org/subethamail/subethasmtp/3.1.7/subethasmtp-3.1.7.jar
Progress (1): 7.7/69 kB
Progress (1): 16/69 kB 
Progress (1): 32/69 kB
Progress (1): 49/69 kB
Progress (1): 65/69 kB
Progress (1): 69 kB   
                   
Downloaded from central: https://repo.maven.apache.org/maven2/javax/activation/activation/1.1.1/activation-1.1.1.jar (69 kB at 1.7 MB/s)
Downloading from central: https://repo.maven.apache.org/maven2/org/slf4j/slf4j-api/1.6.1/slf4j-api-1.6.1.jar
Progress (1): 7.7/25 kB
Progress (1): 16/25 kB 
Progress (1): 25 kB   
                   
Downloaded from central: https://repo.maven.apache.org/maven2/org/slf4j/slf4j-api/1.6.1/slf4j-api-1.6.1.jar (25 kB at 411 kB/s)
Downloading from central: https://repo.maven.apache.org/maven2/com/google/code/findbugs/jsr305/1.3.9/jsr305-1.3.9.jar
Progress (1): 0.9/245 kB
Progress (1): 2.3/245 kB
Progress (1): 3.6/245 kB
Progress (1): 5.0/245 kB
Progress (1): 6.4/245 kB
Progress (1): 7.7/245 kB
Progress (1): 9.1/245 kB
Progress (1): 10/245 kB 
Progress (1): 12/245 kB
Progress (1): 13/245 kB
Progress (1): 15/245 kB
Progress (1): 16/245 kB
Progress (1): 17/245 kB
Progress (1): 19/245 kB
Progress (1): 20/245 kB
Progress (1): 21/245 kB
Progress (1): 23/245 kB
Progress (1): 24/245 kB
Progress (1): 26/245 kB
Progress (1): 27/245 kB
Progress (1): 28/245 kB
Progress (1): 30/245 kB
Progress (1): 31/245 kB
Progress (1): 32/245 kB
Progress (1): 34/245 kB
Progress (1): 35/245 kB
Progress (1): 36/245 kB
Progress (1): 38/245 kB
Progress (1): 39/245 kB
Progress (1): 41/245 kB
Progress (1): 42/245 kB
Progress (1): 43/245 kB
Progress (2): 43/245 kB | 0.9/90 kB
Progress (2): 45/245 kB | 0.9/90 kB
Progress (3): 45/245 kB | 0.9/90 kB | 0.9/45 kB
Progress (3): 45/245 kB | 2.3/90 kB | 0.9/45 kB
Progress (3): 46/245 kB | 2.3/90 kB | 0.9/45 kB
Progress (3): 46/245 kB | 2.3/90 kB | 2.3/45 kB
Progress (3): 46/245 kB | 3.6/90 kB | 2.3/45 kB
Progress (3): 47/245 kB | 3.6/90 kB | 2.3/45 kB
Progress (3): 47/245 kB | 3.6/90 kB | 3.6/45 kB
Progress (3): 49/245 kB | 3.6/90 kB | 3.6/45 kB
Progress (3): 49/245 kB | 5.0/90 kB | 3.6/45 kB
Progress (3): 49/245 kB | 5.0/90 kB | 5.0/45 kB
Progress (3): 50/245 kB | 5.0/90 kB | 5.0/45 kB
Progress (3): 50/245 kB | 6.4/90 kB | 5.0/45 kB
Progress (3): 50/245 kB | 6.4/90 kB | 6.4/45 kB
Progress (3): 52/245 kB | 6.4/90 kB | 6.4/45 kB
Progress (3): 52/245 kB | 6.4/90 kB | 7.7/45 kB
Progress (3): 53/245 kB | 6.4/90 kB | 7.7/45 kB
Progress (3): 53/245 kB | 7.7/90 kB | 7.7/45 kB
Progress (3): 53/245 kB | 7.7/90 kB | 9.1/45 kB
Progress (3): 53/245 kB | 9.1/90 kB | 9.1/45 kB
Progress (3): 53/245 kB | 9.1/90 kB | 10/45 kB 
Progress (3): 53/245 kB | 9.1/90 kB | 12/45 kB
Progress (3): 54/245 kB | 9.1/90 kB | 12/45 kB
Progress (3): 54/245 kB | 9.1/90 kB | 13/45 kB
Progress (3): 56/245 kB | 9.1/90 kB | 13/45 kB
Progress (3): 56/245 kB | 9.1/90 kB | 15/45 kB
Progress (3): 56/245 kB | 9.1/90 kB | 16/45 kB
Progress (3): 57/245 kB | 9.1/90 kB | 16/45 kB
Progress (3): 57/245 kB | 9.1/90 kB | 17/45 kB
Progress (3): 57/245 kB | 9.1/90 kB | 19/45 kB
Progress (3): 61/245 kB | 9.1/90 kB | 19/45 kB
Progress (3): 61/245 kB | 9.1/90 kB | 20/45 kB
Progress (3): 65/245 kB | 9.1/90 kB | 20/45 kB
Progress (3): 65/245 kB | 9.1/90 kB | 21/45 kB
Progress (3): 65/245 kB | 9.1/90 kB | 23/45 kB
Progress (3): 65/245 kB | 9.1/90 kB | 24/45 kB
Progress (3): 65/245 kB | 9.1/90 kB | 26/45 kB
Progress (3): 65/245 kB | 9.1/90 kB | 27/45 kB
Progress (3): 65/245 kB | 9.1/90 kB | 28/45 kB
Progress (3): 65/245 kB | 9.1/90 kB | 30/45 kB
Progress (3): 65/245 kB | 9.1/90 kB | 31/45 kB
Progress (3): 65/245 kB | 9.1/90 kB | 32/45 kB
Progress (3): 65/245 kB | 9.1/90 kB | 34/45 kB
Progress (3): 65/245 kB | 10/90 kB | 34/45 kB 
Progress (3): 65/245 kB | 10/90 kB | 35/45 kB
Progress (3): 65/245 kB | 10/90 kB | 36/45 kB
Progress (3): 65/245 kB | 10/90 kB | 38/45 kB
Progress (3): 65/245 kB | 10/90 kB | 39/45 kB
Progress (3): 65/245 kB | 10/90 kB | 41/45 kB
Progress (3): 65/245 kB | 10/90 kB | 42/45 kB
Progress (3): 65/245 kB | 10/90 kB | 43/45 kB
Progress (3): 65/245 kB | 10/90 kB | 45/45 kB
Progress (3): 65/245 kB | 10/90 kB | 45 kB   
                                          
Downloaded from central: https://repo.maven.apache.org/maven2/org/hamcrest/hamcrest-core/1.3/hamcrest-core-1.3.jar (45 kB at 484 kB/s)
Downloading from central: https://repo.maven.apache.org/maven2/org/powermock/powermock-module-junit4/1.4.12/powermock-module-junit4-1.4.12.jar
Progress (2): 65/245 kB | 12/90 kB
Progress (2): 65/245 kB | 13/90 kB
Progress (2): 65/245 kB | 15/90 kB
Progress (2): 65/245 kB | 16/90 kB
Progress (2): 65/245 kB | 17/90 kB
Progress (2): 65/245 kB | 19/90 kB
Progress (2): 65/245 kB | 20/90 kB
Progress (2): 65/245 kB | 21/90 kB
Progress (2): 65/245 kB | 23/90 kB
Progress (3): 65/245 kB | 23/90 kB | 7.7/33 kB
Progress (3): 65/245 kB | 23/90 kB | 16/33 kB 
Progress (3): 65/245 kB | 24/90 kB | 16/33 kB
Progress (3): 65/245 kB | 25/90 kB | 16/33 kB
Progress (3): 65/245 kB | 27/90 kB | 16/33 kB
Progress (3): 65/245 kB | 28/90 kB | 16/33 kB
Progress (3): 65/245 kB | 30/90 kB | 16/33 kB
Progress (3): 65/245 kB | 31/90 kB | 16/33 kB
Progress (3): 70/245 kB | 31/90 kB | 16/33 kB
Progress (3): 70/245 kB | 32/90 kB | 16/33 kB
Progress (3): 70/245 kB | 34/90 kB | 16/33 kB
Progress (3): 70/245 kB | 35/90 kB | 16/33 kB
Progress (3): 74/245 kB | 35/90 kB | 16/33 kB
Progress (3): 78/245 kB | 35/90 kB | 16/33 kB
Progress (3): 82/245 kB | 35/90 kB | 16/33 kB
Progress (3): 86/245 kB | 35/90 kB | 16/33 kB
Progress (3): 91/245 kB | 35/90 kB | 16/33 kB
Progress (3): 95/245 kB | 35/90 kB | 16/33 kB
Progress (3): 99/245 kB | 35/90 kB | 16/33 kB
Progress (3): 103/245 kB | 35/90 kB | 16/33 kB
Progress (3): 103/245 kB | 35/90 kB | 32/33 kB
Progress (3): 108/245 kB | 35/90 kB | 32/33 kB
Progress (3): 108/245 kB | 35/90 kB | 33 kB   
Progress (3): 112/245 kB | 35/90 kB | 33 kB
Progress (3): 112/245 kB | 36/90 kB | 33 kB
Progress (4): 112/245 kB | 36/90 kB | 33 kB | 0.9/174 kB
Progress (4): 112/245 kB | 38/90 kB | 33 kB | 0.9/174 kB
Progress (4): 112/245 kB | 38/90 kB | 33 kB | 2.3/174 kB
Progress (4): 112/245 kB | 39/90 kB | 33 kB | 2.3/174 kB
Progress (4): 112/245 kB | 39/90 kB | 33 kB | 3.6/174 kB
Progress (4): 112/245 kB | 41/90 kB | 33 kB | 3.6/174 kB
Progress (4): 112/245 kB | 41/90 kB | 33 kB | 5.0/174 kB
Progress (4): 112/245 kB | 42/90 kB | 33 kB | 5.0/174 kB
Progress (4): 112/245 kB | 42/90 kB | 33 kB | 6.4/174 kB
Progress (4): 112/245 kB | 43/90 kB | 33 kB | 6.4/174 kB
Progress (4): 112/245 kB | 43/90 kB | 33 kB | 7.7/174 kB
Progress (4): 112/245 kB | 45/90 kB | 33 kB | 7.7/174 kB
Progress (4): 112/245 kB | 45/90 kB | 33 kB | 9.1/174 kB
Progress (4): 112/245 kB | 46/90 kB | 33 kB | 9.1/174 kB
Progress (4): 112/245 kB | 46/90 kB | 33 kB | 10/174 kB 
Progress (4): 112/245 kB | 47/90 kB | 33 kB | 10/174 kB
Progress (4): 112/245 kB | 47/90 kB | 33 kB | 12/174 kB
Progress (4): 112/245 kB | 49/90 kB | 33 kB | 12/174 kB
Progress (4): 112/245 kB | 49/90 kB | 33 kB | 13/174 kB
Progress (4): 112/245 kB | 49/90 kB | 33 kB | 15/174 kB
Progress (4): 112/245 kB | 49/90 kB | 33 kB | 16/174 kB
Progress (4): 112/245 kB | 49/90 kB | 33 kB | 17/174 kB
Progress (4): 112/245 kB | 49/90 kB | 33 kB | 19/174 kB
Progress (4): 112/245 kB | 49/90 kB | 33 kB | 20/174 kB
Progress (4): 112/245 kB | 49/90 kB | 33 kB | 21/174 kB
Progress (4): 112/245 kB | 49/90 kB | 33 kB | 23/174 kB
Progress (4): 112/245 kB | 49/90 kB | 33 kB | 24/174 kB
Progress (4): 112/245 kB | 49/90 kB | 33 kB | 26/174 kB
Progress (4): 112/245 kB | 49/90 kB | 33 kB | 27/174 kB
Progress (4): 116/245 kB | 49/90 kB | 33 kB | 27/174 kB
Progress (4): 120/245 kB | 49/90 kB | 33 kB | 27/174 kB
Progress (4): 125/245 kB | 49/90 kB | 33 kB | 27/174 kB
Progress (4): 129/245 kB | 49/90 kB | 33 kB | 27/174 kB
                                                       
Downloaded from central: https://repo.maven.apache.org/maven2/com/google/code/findbugs/jsr305/1.3.9/jsr305-1.3.9.jar (33 kB at 337 kB/s)
Downloading from central: https://repo.maven.apache.org/maven2/org/powermock/powermock-module-junit4-common/1.4.12/powermock-module-junit4-common-1.4.12.jar
Progress (3): 129/245 kB | 50/90 kB | 27/174 kB
Progress (3): 129/245 kB | 51/90 kB | 27/174 kB
Progress (3): 129/245 kB | 53/90 kB | 27/174 kB
Progress (3): 129/245 kB | 54/90 kB | 27/174 kB
Progress (3): 129/245 kB | 56/90 kB | 27/174 kB
Progress (3): 129/245 kB | 60/90 kB | 27/174 kB
Progress (3): 129/245 kB | 64/90 kB | 27/174 kB
Progress (3): 129/245 kB | 68/90 kB | 27/174 kB
Progress (3): 129/245 kB | 68/90 kB | 28/174 kB
Progress (3): 129/245 kB | 68/90 kB | 30/174 kB
Progress (3): 129/245 kB | 68/90 kB | 31/174 kB
Progress (3): 129/245 kB | 68/90 kB | 32/174 kB
Progress (3): 129/245 kB | 68/90 kB | 34/174 kB
Progress (3): 129/245 kB | 68/90 kB | 35/174 kB
Progress (3): 129/245 kB | 73/90 kB | 35/174 kB
Progress (3): 129/245 kB | 73/90 kB | 36/174 kB
Progress (3): 129/245 kB | 73/90 kB | 38/174 kB
Progress (3): 129/245 kB | 77/90 kB | 38/174 kB
Progress (3): 129/245 kB | 77/90 kB | 39/174 kB
Progress (3): 129/245 kB | 77/90 kB | 41/174 kB
Progress (3): 129/245 kB | 77/90 kB | 42/174 kB
Progress (3): 129/245 kB | 81/90 kB | 42/174 kB
Progress (3): 129/245 kB | 81/90 kB | 43/174 kB
Progress (3): 129/245 kB | 81/90 kB | 45/174 kB
Progress (3): 129/245 kB | 85/90 kB | 45/174 kB
Progress (3): 129/245 kB | 85/90 kB | 46/174 kB
Progress (3): 133/245 kB | 85/90 kB | 46/174 kB
Progress (3): 133/245 kB | 89/90 kB | 46/174 kB
Progress (3): 133/245 kB | 90 kB | 46/174 kB   
Progress (3): 133/245 kB | 90 kB | 47/174 kB
Progress (3): 133/245 kB | 90 kB | 49/174 kB
Progress (3): 137/245 kB | 90 kB | 49/174 kB
Progress (3): 137/245 kB | 90 kB | 50/174 kB
Progress (3): 141/245 kB | 90 kB | 50/174 kB
Progress (3): 141/245 kB | 90 kB | 52/174 kB
Progress (3): 141/245 kB | 90 kB | 53/174 kB
Progress (3): 146/245 kB | 90 kB | 53/174 kB
Progress (3): 150/245 kB | 90 kB | 53/174 kB
Progress (3): 154/245 kB | 90 kB | 53/174 kB
Progress (3): 158/245 kB | 90 kB | 53/174 kB
Progress (3): 163/245 kB | 90 kB | 53/174 kB
Progress (3): 164/245 kB | 90 kB | 53/174 kB
Progress (3): 164/245 kB | 90 kB | 54/174 kB
Progress (3): 164/245 kB | 90 kB | 56/174 kB
Progress (3): 164/245 kB | 90 kB | 60/174 kB
Progress (3): 164/245 kB | 90 kB | 64/174 kB
Progress (3): 168/245 kB | 90 kB | 64/174 kB
Progress (3): 172/245 kB | 90 kB | 64/174 kB
Progress (3): 177/245 kB | 90 kB | 64/174 kB
Progress (3): 181/245 kB | 90 kB | 64/174 kB
Progress (3): 185/245 kB | 90 kB | 64/174 kB
Progress (3): 189/245 kB | 90 kB | 64/174 kB
Progress (3): 193/245 kB | 90 kB | 64/174 kB
Progress (3): 198/245 kB | 90 kB | 64/174 kB
Progress (3): 198/245 kB | 90 kB | 68/174 kB
Progress (3): 202/245 kB | 90 kB | 68/174 kB
Progress (3): 202/245 kB | 90 kB | 73/174 kB
Progress (3): 202/245 kB | 90 kB | 77/174 kB
                                            
Downloaded from central: https://repo.maven.apache.org/maven2/org/subethamail/subethasmtp/3.1.7/subethasmtp-3.1.7.jar (90 kB at 833 kB/s)
Progress (2): 202/245 kB | 81/174 kB
                                    
Downloading from central: https://repo.maven.apache.org/maven2/org/powermock/powermock-core/1.4.12/powermock-core-1.4.12.jar
Progress (2): 202/245 kB | 85/174 kB
Progress (2): 202/245 kB | 89/174 kB
Progress (2): 202/245 kB | 94/174 kB
Progress (2): 202/245 kB | 98/174 kB
Progress (2): 202/245 kB | 102/174 kB
Progress (2): 202/245 kB | 106/174 kB
Progress (2): 202/245 kB | 111/174 kB
Progress (2): 202/245 kB | 115/174 kB
Progress (2): 206/245 kB | 115/174 kB
Progress (2): 210/245 kB | 115/174 kB
Progress (2): 215/245 kB | 115/174 kB
Progress (2): 219/245 kB | 115/174 kB
Progress (2): 219/245 kB | 119/174 kB
Progress (2): 219/245 kB | 123/174 kB
Progress (2): 219/245 kB | 128/174 kB
Progress (2): 219/245 kB | 131/174 kB
Progress (2): 219/245 kB | 135/174 kB
Progress (2): 235/245 kB | 135/174 kB
Progress (2): 245 kB | 135/174 kB    
Progress (2): 245 kB | 139/174 kB
Progress (2): 245 kB | 143/174 kB
                                 
Downloaded from central: https://repo.maven.apache.org/maven2/junit/junit/4.11/junit-4.11.jar (245 kB at 2.1 MB/s)
Progress (1): 147/174 kB
                        
Downloading from central: https://repo.maven.apache.org/maven2/org/javassist/javassist/3.16.1-GA/javassist-3.16.1-GA.jar
Progress (1): 152/174 kB
Progress (1): 156/174 kB
Progress (1): 160/174 kB
Progress (1): 164/174 kB
Progress (1): 169/174 kB
Progress (1): 173/174 kB
Progress (1): 174 kB    
                    
Downloaded from central: https://repo.maven.apache.org/maven2/commons-io/commons-io/2.2/commons-io-2.2.jar (174 kB at 1.5 MB/s)
Downloading from central: https://repo.maven.apache.org/maven2/org/powermock/powermock-reflect/1.4.12/powermock-reflect-1.4.12.jar
Progress (1): 0.9/21 kB
Progress (1): 2.3/21 kB
Progress (1): 3.6/21 kB
Progress (1): 5.0/21 kB
Progress (1): 6.4/21 kB
Progress (1): 7.7/21 kB
Progress (1): 9.1/21 kB
Progress (1): 13/21 kB 
Progress (1): 18/21 kB
Progress (1): 21 kB   
                   
Downloaded from central: https://repo.maven.apache.org/maven2/org/powermock/powermock-module-junit4/1.4.12/powermock-module-junit4-1.4.12.jar (21 kB at 171 kB/s)
Downloading from central: https://repo.maven.apache.org/maven2/org/powermock/powermock-api-easymock/1.4.12/powermock-api-easymock-1.4.12.jar
Progress (1): 8.2/12 kB
Progress (1): 12 kB    
                   
Downloaded from central: https://repo.maven.apache.org/maven2/org/powermock/powermock-module-junit4-common/1.4.12/powermock-module-junit4-common-1.4.12.jar (12 kB at 90 kB/s)
Downloading from central: https://repo.maven.apache.org/maven2/org/powermock/powermock-api-support/1.4.12/powermock-api-support-1.4.12.jar
Progress (1): 7.7/659 kB
Progress (1): 7.7/659 kB
Progress (2): 7.7/659 kB | 3.8/84 kB
Progress (2): 7.7/659 kB | 8.0/84 kB
Progress (2): 7.7/659 kB | 12/84 kB 
Progress (2): 7.7/659 kB | 16/84 kB
Progress (2): 7.7/659 kB | 21/84 kB
Progress (2): 7.7/659 kB | 25/84 kB
Progress (2): 24/659 kB | 25/84 kB 
Progress (2): 40/659 kB | 25/84 kB
Progress (2): 57/659 kB | 25/84 kB
Progress (2): 57/659 kB | 29/84 kB
Progress (2): 57/659 kB | 33/84 kB
Progress (2): 57/659 kB | 38/84 kB
Progress (2): 57/659 kB | 42/84 kB
Progress (2): 57/659 kB | 46/84 kB
Progress (2): 57/659 kB | 50/84 kB
Progress (2): 57/659 kB | 54/84 kB
Progress (2): 57/659 kB | 59/84 kB
Progress (3): 57/659 kB | 59/84 kB | 3.8/43 kB
Progress (3): 57/659 kB | 59/84 kB | 8.0/43 kB
Progress (3): 57/659 kB | 59/84 kB | 12/43 kB 
Progress (3): 57/659 kB | 59/84 kB | 16/43 kB
Progress (3): 57/659 kB | 59/84 kB | 20/43 kB
Progress (3): 57/659 kB | 59/84 kB | 24/43 kB
Progress (4): 57/659 kB | 59/84 kB | 24/43 kB | 3.8/35 kB
Progress (4): 57/659 kB | 59/84 kB | 28/43 kB | 3.8/35 kB
Progress (4): 57/659 kB | 59/84 kB | 28/43 kB | 8.0/35 kB
Progress (4): 57/659 kB | 59/84 kB | 33/43 kB | 8.0/35 kB
Progress (4): 57/659 kB | 59/84 kB | 33/43 kB | 12/35 kB 
Progress (4): 57/659 kB | 59/84 kB | 33/43 kB | 12/35 kB
Progress (4): 57/659 kB | 59/84 kB | 37/43 kB | 12/35 kB
Progress (4): 57/659 kB | 59/84 kB | 37/43 kB | 17/35 kB
Progress (4): 57/659 kB | 59/84 kB | 41/43 kB | 17/35 kB
Progress (4): 57/659 kB | 59/84 kB | 43 kB | 17/35 kB   
Progress (4): 57/659 kB | 59/84 kB | 43 kB | 21/35 kB
Progress (4): 57/659 kB | 63/84 kB | 43 kB | 21/35 kB
                                                     
Downloaded from central: https://repo.maven.apache.org/maven2/org/powermock/powermock-reflect/1.4.12/powermock-reflect-1.4.12.jar (43 kB at 269 kB/s)
Progress (3): 57/659 kB | 67/84 kB | 21/35 kB
                                             
Downloading from central: https://repo.maven.apache.org/maven2/org/easymock/easymock/3.1/easymock-3.1.jar
Progress (3): 57/659 kB | 71/84 kB | 21/35 kB
Progress (3): 57/659 kB | 71/84 kB | 25/35 kB
Progress (3): 57/659 kB | 71/84 kB | 29/35 kB
Progress (3): 57/659 kB | 71/84 kB | 33/35 kB
Progress (3): 57/659 kB | 71/84 kB | 35 kB   
Progress (3): 73/659 kB | 71/84 kB | 35 kB
Progress (3): 90/659 kB | 71/84 kB | 35 kB
Progress (3): 106/659 kB | 71/84 kB | 35 kB
Progress (4): 106/659 kB | 71/84 kB | 35 kB | 7.7/19 kB
Progress (4): 106/659 kB | 71/84 kB | 35 kB | 16/19 kB 
Progress (4): 106/659 kB | 71/84 kB | 35 kB | 19 kB   
Progress (4): 122/659 kB | 71/84 kB | 35 kB | 19 kB
                                                   
Downloaded from central: https://repo.maven.apache.org/maven2/org/powermock/powermock-api-support/1.4.12/powermock-api-support-1.4.12.jar (19 kB at 115 kB/s)
Progress (3): 139/659 kB | 71/84 kB | 35 kB
Progress (3): 139/659 kB | 76/84 kB | 35 kB
Progress (3): 139/659 kB | 80/84 kB | 35 kB
Progress (3): 139/659 kB | 84 kB | 35 kB   
                                        
Downloaded from central: https://repo.maven.apache.org/maven2/org/powermock/powermock-core/1.4.12/powermock-core-1.4.12.jar (84 kB at 509 kB/s)
Downloading from central: https://repo.maven.apache.org/maven2/cglib/cglib-nodep/2.2.2/cglib-nodep-2.2.2.jar
Downloading from central: https://repo.maven.apache.org/maven2/org/objenesis/objenesis/1.2/objenesis-1.2.jar
Downloaded from central: https://repo.maven.apache.org/maven2/org/powermock/powermock-api-easymock/1.4.12/powermock-api-easymock-1.4.12.jar (35 kB at 214 kB/s)
Downloading from central: https://repo.maven.apache.org/maven2/org/slf4j/slf4j-jdk14/1.6.1/slf4j-jdk14-1.6.1.jar
Progress (1): 155/659 kB
Progress (1): 172/659 kB
Progress (1): 188/659 kB
Progress (1): 204/659 kB
Progress (1): 221/659 kB
Progress (1): 237/659 kB
Progress (1): 253/659 kB
Progress (1): 270/659 kB
Progress (1): 286/659 kB
Progress (1): 303/659 kB
Progress (1): 319/659 kB
Progress (1): 335/659 kB
Progress (1): 352/659 kB
Progress (1): 368/659 kB
Progress (1): 385/659 kB
Progress (1): 401/659 kB
Progress (1): 417/659 kB
Progress (1): 434/659 kB
Progress (1): 450/659 kB
Progress (1): 466/659 kB
Progress (1): 483/659 kB
Progress (1): 499/659 kB
Progress (2): 499/659 kB | 4.1/112 kB
Progress (2): 516/659 kB | 4.1/112 kB
Progress (2): 516/659 kB | 20/112 kB 
Progress (2): 532/659 kB | 20/112 kB
Progress (2): 532/659 kB | 37/112 kB
Progress (2): 548/659 kB | 37/112 kB
Progress (2): 548/659 kB | 53/112 kB
Progress (2): 565/659 kB | 53/112 kB
Progress (3): 565/659 kB | 53/112 kB | 7.7/327 kB
Progress (3): 565/659 kB | 53/112 kB | 16/327 kB 
Progress (3): 565/659 kB | 61/112 kB | 16/327 kB
Progress (3): 581/659 kB | 61/112 kB | 16/327 kB
Progress (3): 581/659 kB | 61/112 kB | 32/327 kB
Progress (3): 581/659 kB | 78/112 kB | 32/327 kB
Progress (3): 598/659 kB | 78/112 kB | 32/327 kB
Progress (3): 598/659 kB | 78/112 kB | 49/327 kB
Progress (3): 598/659 kB | 78/112 kB | 57/327 kB
Progress (3): 614/659 kB | 78/112 kB | 57/327 kB
Progress (3): 614/659 kB | 94/112 kB | 57/327 kB
Progress (3): 630/659 kB | 94/112 kB | 57/327 kB
Progress (3): 630/659 kB | 94/112 kB | 73/327 kB
Progress (3): 630/659 kB | 94/112 kB | 90/327 kB
Progress (3): 647/659 kB | 94/112 kB | 90/327 kB
Progress (3): 647/659 kB | 94/112 kB | 106/327 kB
Progress (3): 659 kB | 94/112 kB | 106/327 kB    
Progress (3): 659 kB | 111/112 kB | 106/327 kB
Progress (3): 659 kB | 112 kB | 106/327 kB    
                                          
Downloaded from central: https://repo.maven.apache.org/maven2/org/javassist/javassist/3.16.1-GA/javassist-3.16.1-GA.jar (659 kB at 3.4 MB/s)
Downloaded from central: https://repo.maven.apache.org/maven2/org/easymock/easymock/3.1/easymock-3.1.jar (112 kB at 580 kB/s)
Progress (1): 122/327 kB
Progress (1): 139/327 kB
Progress (1): 155/327 kB
Progress (1): 172/327 kB
Progress (1): 188/327 kB
Progress (1): 204/327 kB
Progress (1): 221/327 kB
Progress (1): 237/327 kB
Progress (1): 253/327 kB
Progress (1): 270/327 kB
Progress (1): 286/327 kB
Progress (1): 303/327 kB
Progress (1): 319/327 kB
Progress (1): 327 kB    
                    
Downloaded from central: https://repo.maven.apache.org/maven2/cglib/cglib-nodep/2.2.2/cglib-nodep-2.2.2.jar (327 kB at 1.6 MB/s)
Progress (1): 3.8/8.9 kB
Progress (1): 8.0/8.9 kB
Progress (1): 8.9 kB    
                    
Downloaded from central: https://repo.maven.apache.org/maven2/org/slf4j/slf4j-jdk14/1.6.1/slf4j-jdk14-1.6.1.jar (8.9 kB at 44 kB/s)
Progress (1): 3.8/36 kB
Progress (1): 8.0/36 kB
Progress (1): 12/36 kB 
Progress (1): 16/36 kB
Progress (1): 21/36 kB
Progress (1): 24/36 kB
Progress (1): 28/36 kB
Progress (1): 33/36 kB
Progress (1): 36 kB   
                   
Downloaded from central: https://repo.maven.apache.org/maven2/org/objenesis/objenesis/1.2/objenesis-1.2.jar (36 kB at 173 kB/s)
[INFO] 
[INFO] --- clean:3.2.0:clean (default-clean) @ commons-email ---
Downloading from central: https://repo.maven.apache.org/maven2/org/apache/maven/shared/maven-shared-utils/3.3.4/maven-shared-utils-3.3.4.pom
Progress (1): 790 B
Progress (1): 2.3 kB
Progress (1): 4.3 kB
Progress (1): 5.8 kB
                    
Downloaded from central: https://repo.maven.apache.org/maven2/org/apache/maven/shared/maven-shared-utils/3.3.4/maven-shared-utils-3.3.4.pom (5.8 kB at 177 kB/s)
Downloading from central: https://repo.maven.apache.org/maven2/org/apache/maven/shared/maven-shared-components/34/maven-shared-components-34.pom
Progress (1): 781 B
Progress (1): 2.3 kB
Progress (1): 4.6 kB
Progress (1): 5.1 kB
                    
Downloaded from central: https://repo.maven.apache.org/maven2/org/apache/maven/shared/maven-shared-components/34/maven-shared-components-34.pom (5.1 kB at 159 kB/s)
Downloading from central: https://repo.maven.apache.org/maven2/org/apache/maven/maven-parent/34/maven-parent-34.pom
Progress (1): 774 B
Progress (1): 2.0 kB
Progress (1): 5.9 kB
Progress (1): 9.5 kB
Progress (1): 14 kB 
Progress (1): 18 kB
Progress (1): 23 kB
Progress (1): 26 kB
Progress (1): 27 kB
Progress (1): 30 kB
Progress (1): 34 kB
Progress (1): 37 kB
Progress (1): 40 kB
Progress (1): 43 kB
                   
Downloaded from central: https://repo.maven.apache.org/maven2/org/apache/maven/maven-parent/34/maven-parent-34.pom (43 kB at 1.3 MB/s)
Downloading from central: https://repo.maven.apache.org/maven2/org/apache/apache/23/apache-23.pom
Progress (1): 749 B
Progress (1): 2.1 kB
Progress (1): 3.9 kB
Progress (1): 7.9 kB
Progress (1): 13 kB 
Progress (1): 16 kB
Progress (1): 18 kB
                   
Downloaded from central: https://repo.maven.apache.org/maven2/org/apache/apache/23/apache-23.pom (18 kB at 576 kB/s)
Downloading from central: https://repo.maven.apache.org/maven2/commons-io/commons-io/2.6/commons-io-2.6.pom
Progress (1): 837 B
Progress (1): 2.3 kB
Progress (1): 3.4 kB
Progress (1): 6.2 kB
Progress (1): 8.2 kB
Progress (1): 10 kB 
Progress (1): 13 kB
Progress (1): 14 kB
                   
Downloaded from central: https://repo.maven.apache.org/maven2/commons-io/commons-io/2.6/commons-io-2.6.pom (14 kB at 570 kB/s)
Downloading from central: https://repo.maven.apache.org/maven2/org/apache/commons/commons-parent/42/commons-parent-42.pom
Progress (1): 707 B
Progress (1): 1.9 kB
Progress (1): 3.1 kB
Progress (1): 4.5 kB
Progress (1): 5.9 kB
Progress (1): 7.5 kB
Progress (1): 11 kB 
Progress (1): 14 kB
Progress (1): 17 kB
Progress (1): 21 kB
Progress (1): 24 kB
Progress (1): 26 kB
Progress (1): 29 kB
Progress (1): 31 kB
Progress (1): 34 kB
Progress (1): 34 kB
Progress (1): 37 kB
Progress (1): 40 kB
Progress (1): 44 kB
Progress (1): 49 kB
Progress (1): 53 kB
Progress (1): 55 kB
Progress (1): 59 kB
Progress (1): 60 kB
Progress (1): 62 kB
Progress (1): 65 kB
Progress (1): 66 kB
Progress (1): 68 kB
                   
Downloaded from central: https://repo.maven.apache.org/maven2/org/apache/commons/commons-parent/42/commons-parent-42.pom (68 kB at 1.9 MB/s)
Downloading from central: https://repo.maven.apache.org/maven2/org/apache/apache/18/apache-18.pom
Progress (1): 748 B
Progress (1): 2.1 kB
Progress (1): 3.9 kB
Progress (1): 8.0 kB
Progress (1): 12 kB 
Progress (1): 15 kB
Progress (1): 16 kB
                   
Downloaded from central: https://repo.maven.apache.org/maven2/org/apache/apache/18/apache-18.pom (16 kB at 423 kB/s)
Downloading from central: https://repo.maven.apache.org/maven2/org/apache/maven/shared/maven-shared-utils/3.3.4/maven-shared-utils-3.3.4.jar
Progress (1): 7.7/153 kB
Progress (1): 16/153 kB 
Progress (1): 24/153 kB
Progress (1): 40/153 kB
Progress (1): 57/153 kB
Progress (1): 73/153 kB
Progress (1): 90/153 kB
Progress (1): 106/153 kB
Progress (1): 122/153 kB
Progress (1): 139/153 kB
Progress (1): 153 kB    
                    
Downloaded from central: https://repo.maven.apache.org/maven2/org/apache/maven/shared/maven-shared-utils/3.3.4/maven-shared-utils-3.3.4.jar (153 kB at 4.9 MB/s)
Downloading from central: https://repo.maven.apache.org/maven2/commons-io/commons-io/2.6/commons-io-2.6.jar
Progress (1): 7.7/215 kB
Progress (1): 16/215 kB 
Progress (1): 32/215 kB
Progress (1): 49/215 kB
Progress (1): 65/215 kB
Progress (1): 81/215 kB
Progress (1): 98/215 kB
Progress (1): 114/215 kB
Progress (1): 131/215 kB
Progress (1): 147/215 kB
Progress (1): 163/215 kB
Progress (1): 180/215 kB
Progress (1): 196/215 kB
Progress (1): 212/215 kB
Progress (1): 215 kB    
                    
Downloaded from central: https://repo.maven.apache.org/maven2/commons-io/commons-io/2.6/commons-io-2.6.jar (215 kB at 5.8 MB/s)
[INFO] Deleting /home/runner/work/testci-common-email/testci-common-email/target
[INFO] 
[INFO] --- resources:3.4.0:resources (default-resources) @ commons-email ---
Downloading from central: https://repo.maven.apache.org/maven2/org/apache/maven/shared/maven-filtering/3.4.0/maven-filtering-3.4.0.pom
Progress (1): 787 B
Progress (1): 2.2 kB
Progress (1): 4.7 kB
Progress (1): 6.5 kB
                    
Downloaded from central: https://repo.maven.apache.org/maven2/org/apache/maven/shared/maven-filtering/3.4.0/maven-filtering-3.4.0.pom (6.5 kB at 216 kB/s)
Downloading from central: https://repo.maven.apache.org/maven2/org/apache/maven/shared/maven-shared-components/43/maven-shared-components-43.pom
Progress (1): 811 B
Progress (1): 2.3 kB
Progress (1): 3.8 kB
                    
Downloaded from central: https://repo.maven.apache.org/maven2/org/apache/maven/shared/maven-shared-components/43/maven-shared-components-43.pom (3.8 kB at 140 kB/s)
Downloading from central: https://repo.maven.apache.org/maven2/org/apache/maven/maven-parent/43/maven-parent-43.pom
Progress (1): 720 B
Progress (1): 1.9 kB
Progress (1): 5.5 kB
Progress (1): 9.9 kB
Progress (1): 14 kB 
Progress (1): 19 kB
Progress (1): 23 kB
Progress (1): 26 kB
Progress (1): 28 kB
Progress (1): 31 kB
Progress (1): 34 kB
Progress (1): 38 kB
Progress (1): 41 kB
Progress (1): 43 kB
Progress (1): 48 kB
Progress (1): 48 kB
Progress (1): 50 kB
                   
Downloaded from central: https://repo.maven.apache.org/maven2/org/apache/maven/maven-parent/43/maven-parent-43.pom (50 kB at 1.6 MB/s)
Downloading from central: https://repo.maven.apache.org/maven2/org/apache/apache/33/apache-33.pom
Progress (1): 763 B
Progress (1): 2.1 kB
Progress (1): 4.1 kB
Progress (1): 6.2 kB
Progress (1): 10 kB 
Progress (1): 16 kB
Progress (1): 19 kB
Progress (1): 22 kB
Progress (1): 24 kB
                   
Downloaded from central: https://repo.maven.apache.org/maven2/org/apache/apache/33/apache-33.pom (24 kB at 896 kB/s)
Downloading from central: https://repo.maven.apache.org/maven2/org/junit/junit-bom/5.10.3/junit-bom-5.10.3.pom
Progress (1): 908 B
Progress (1): 4.1 kB
Progress (1): 5.6 kB
                    
Downloaded from central: https://repo.maven.apache.org/maven2/org/junit/junit-bom/5.10.3/junit-bom-5.10.3.pom (5.6 kB at 126 kB/s)
Downloading from central: https://repo.maven.apache.org/maven2/javax/inject/javax.inject/1/javax.inject-1.pom
Progress (1): 612 B
                   
Downloaded from central: https://repo.maven.apache.org/maven2/javax/inject/javax.inject/1/javax.inject-1.pom (612 B at 14 kB/s)
Downloading from central: https://repo.maven.apache.org/maven2/org/slf4j/slf4j-api/1.7.36/slf4j-api-1.7.36.pom
Progress (1): 1.0 kB
Progress (1): 2.7 kB
                    
Downloaded from central: https://repo.maven.apache.org/maven2/org/slf4j/slf4j-api/1.7.36/slf4j-api-1.7.36.pom (2.7 kB at 98 kB/s)
Downloading from central: https://repo.maven.apache.org/maven2/org/slf4j/slf4j-parent/1.7.36/slf4j-parent-1.7.36.pom
Progress (1): 1.0 kB
Progress (1): 3.0 kB
Progress (1): 5.9 kB
Progress (1): 8.7 kB
Progress (1): 12 kB 
Progress (1): 14 kB
                   
Downloaded from central: https://repo.maven.apache.org/maven2/org/slf4j/slf4j-parent/1.7.36/slf4j-parent-1.7.36.pom (14 kB at 352 kB/s)
Downloading from central: https://repo.maven.apache.org/maven2/org/sonatype/plexus/plexus-build-api/0.0.7/plexus-build-api-0.0.7.pom
Progress (1): 910 B
Progress (1): 3.2 kB
                    
Downloaded from central: https://repo.maven.apache.org/maven2/org/sonatype/plexus/plexus-build-api/0.0.7/plexus-build-api-0.0.7.pom (3.2 kB at 89 kB/s)
Downloading from central: https://repo.maven.apache.org/maven2/org/sonatype/spice/spice-parent/15/spice-parent-15.pom
Progress (1): 1.2 kB
Progress (1): 3.7 kB
Progress (1): 7.3 kB
Progress (1): 8.4 kB
                    
Downloaded from central: https://repo.maven.apache.org/maven2/org/sonatype/spice/spice-parent/15/spice-parent-15.pom (8.4 kB at 239 kB/s)
Downloading from central: https://repo.maven.apache.org/maven2/org/sonatype/forge/forge-parent/5/forge-parent-5.pom
Progress (1): 1.3 kB
Progress (1): 5.5 kB
Progress (1): 8.4 kB
                    
Downloaded from central: https://repo.maven.apache.org/maven2/org/sonatype/forge/forge-parent/5/forge-parent-5.pom (8.4 kB at 270 kB/s)
Downloading from central: https://repo.maven.apache.org/maven2/org/codehaus/plexus/plexus-utils/4.0.2/plexus-utils-4.0.2.pom
Progress (1): 976 B
Progress (1): 4.3 kB
Progress (1): 7.7 kB
Progress (1): 12 kB 
Progress (1): 13 kB
                   
Downloaded from central: https://repo.maven.apache.org/maven2/org/codehaus/plexus/plexus-utils/4.0.2/plexus-utils-4.0.2.pom (13 kB at 400 kB/s)
Downloading from central: https://repo.maven.apache.org/maven2/org/codehaus/plexus/plexus-xml/3.0.1/plexus-xml-3.0.1.pom
Progress (1): 814 B
Progress (1): 2.6 kB
Progress (1): 3.7 kB
                    
Downloaded from central: https://repo.maven.apache.org/maven2/org/codehaus/plexus/plexus-xml/3.0.1/plexus-xml-3.0.1.pom (3.7 kB at 97 kB/s)
Downloading from central: https://repo.maven.apache.org/maven2/org/codehaus/plexus/plexus/18/plexus-18.pom
Progress (1): 792 B
Progress (1): 2.8 kB
Progress (1): 6.8 kB
Progress (1): 8.8 kB
Progress (1): 10 kB 
Progress (1): 14 kB
Progress (1): 17 kB
Progress (1): 21 kB
Progress (1): 25 kB
Progress (1): 29 kB
Progress (1): 29 kB
                   
Downloaded from central: https://repo.maven.apache.org/maven2/org/codehaus/plexus/plexus/18/plexus-18.pom (29 kB at 975 kB/s)
Downloading from central: https://repo.maven.apache.org/maven2/org/codehaus/plexus/plexus-interpolation/1.27/plexus-interpolation-1.27.pom
Progress (1): 1.3 kB
Progress (1): 3.0 kB
                    
Downloaded from central: https://repo.maven.apache.org/maven2/org/codehaus/plexus/plexus-interpolation/1.27/plexus-interpolation-1.27.pom (3.0 kB at 112 kB/s)
Downloading from central: https://repo.maven.apache.org/maven2/org/codehaus/plexus/plexus/16/plexus-16.pom
Progress (1): 692 B
Progress (1): 2.7 kB
Progress (1): 6.4 kB
Progress (1): 8.9 kB
Progress (1): 11 kB 
Progress (1): 14 kB
Progress (1): 18 kB
Progress (1): 21 kB
Progress (1): 25 kB
Progress (1): 28 kB
                   
Downloaded from central: https://repo.maven.apache.org/maven2/org/codehaus/plexus/plexus/16/plexus-16.pom (28 kB at 953 kB/s)
Downloading from central: https://repo.maven.apache.org/maven2/org/junit/junit-bom/5.10.1/junit-bom-5.10.1.pom
Progress (1): 908 B
Progress (1): 4.1 kB
Progress (1): 5.6 kB
                    
Downloaded from central: https://repo.maven.apache.org/maven2/org/junit/junit-bom/5.10.1/junit-bom-5.10.1.pom (5.6 kB at 209 kB/s)
Downloading from central: https://repo.maven.apache.org/maven2/commons-io/commons-io/2.16.1/commons-io-2.16.1.pom
Progress (1): 762 B
Progress (1): 2.0 kB
Progress (1): 4.9 kB
Progress (1): 6.7 kB
Progress (1): 8.8 kB
Progress (1): 12 kB 
Progress (1): 15 kB
Progress (1): 18 kB
Progress (1): 20 kB
                   
Downloaded from central: https://repo.maven.apache.org/maven2/commons-io/commons-io/2.16.1/commons-io-2.16.1.pom (20 kB at 755 kB/s)
Downloading from central: https://repo.maven.apache.org/maven2/org/apache/commons/commons-parent/69/commons-parent-69.pom
Progress (1): 708 B
Progress (1): 1.9 kB
Progress (1): 3.1 kB
Progress (1): 4.7 kB
Progress (1): 6.4 kB
Progress (1): 8.4 kB
Progress (1): 10 kB 
Progress (1): 13 kB
Progress (1): 14 kB
Progress (1): 17 kB
Progress (1): 19 kB
Progress (1): 22 kB
Progress (1): 25 kB
Progress (1): 28 kB
Progress (1): 31 kB
Progress (1): 31 kB
Progress (1): 35 kB
Progress (1): 40 kB
Progress (1): 43 kB
Progress (1): 45 kB
Progress (1): 48 kB
Progress (1): 51 kB
Progress (1): 55 kB
Progress (1): 57 kB
Progress (1): 59 kB
Progress (1): 63 kB
Progress (1): 67 kB
Progress (1): 70 kB
Progress (1): 73 kB
Progress (1): 75 kB
Progress (1): 77 kB
                   
Downloaded from central: https://repo.maven.apache.org/maven2/org/apache/commons/commons-parent/69/commons-parent-69.pom (77 kB at 2.5 MB/s)
Downloading from central: https://repo.maven.apache.org/maven2/org/apache/apache/31/apache-31.pom
Progress (1): 739 B
Progress (1): 2.1 kB
Progress (1): 3.9 kB
Progress (1): 6.2 kB
Progress (1): 11 kB 
Progress (1): 16 kB
Progress (1): 20 kB
Progress (1): 22 kB
Progress (1): 24 kB
                   
Downloaded from central: https://repo.maven.apache.org/maven2/org/apache/apache/31/apache-31.pom (24 kB at 872 kB/s)
Downloading from central: https://repo.maven.apache.org/maven2/org/apache/commons/commons-lang3/3.16.0/commons-lang3-3.16.0.pom
Progress (1): 744 B
Progress (1): 1.8 kB
Progress (1): 4.1 kB
Progress (1): 5.7 kB
Progress (1): 7.5 kB
Progress (1): 10.0 kB
Progress (1): 13 kB  
Progress (1): 17 kB
Progress (1): 20 kB
Progress (1): 22 kB
Progress (1): 26 kB
Progress (1): 29 kB
Progress (1): 31 kB
                   
Downloaded from central: https://repo.maven.apache.org/maven2/org/apache/commons/commons-lang3/3.16.0/commons-lang3-3.16.0.pom (31 kB at 1.0 MB/s)
Downloading from central: https://repo.maven.apache.org/maven2/org/apache/commons/commons-parent/72/commons-parent-72.pom
Progress (1): 705 B
Progress (1): 1.9 kB
Progress (1): 3.2 kB
Progress (1): 4.7 kB
Progress (1): 6.8 kB
Progress (1): 8.4 kB
Progress (1): 11 kB 
Progress (1): 13 kB
Progress (1): 15 kB
Progress (1): 17 kB
Progress (1): 20 kB
Progress (1): 22 kB
Progress (1): 25 kB
Progress (1): 28 kB
Progress (1): 32 kB
Progress (1): 32 kB
Progress (1): 36 kB
Progress (1): 40 kB
Progress (1): 44 kB
Progress (1): 46 kB
Progress (1): 49 kB
Progress (1): 51 kB
Progress (1): 55 kB
Progress (1): 57 kB
Progress (1): 60 kB
Progress (1): 63 kB
Progress (1): 67 kB
Progress (1): 70 kB
Progress (1): 73 kB
Progress (1): 75 kB
Progress (1): 78 kB
                   
Downloaded from central: https://repo.maven.apache.org/maven2/org/apache/commons/commons-parent/72/commons-parent-72.pom (78 kB at 2.7 MB/s)
Downloading from central: https://repo.maven.apache.org/maven2/org/junit/junit-bom/5.11.0-M2/junit-bom-5.11.0-M2.pom
Progress (1): 908 B
Progress (1): 4.1 kB
Progress (1): 5.7 kB
                    
Downloaded from central: https://repo.maven.apache.org/maven2/org/junit/junit-bom/5.11.0-M2/junit-bom-5.11.0-M2.pom (5.7 kB at 228 kB/s)
Downloading from central: https://repo.maven.apache.org/maven2/org/apache/commons/commons-lang3/3.20.0/commons-lang3-3.20.0.pom
Progress (1): 740 B
Progress (1): 1.8 kB
Progress (1): 4.1 kB
Progress (1): 5.5 kB
Progress (1): 7.5 kB
Progress (1): 9.7 kB
Progress (1): 12 kB 
Progress (1): 16 kB
Progress (1): 19 kB
Progress (1): 22 kB
Progress (1): 25 kB
Progress (1): 28 kB
Progress (1): 32 kB
Progress (1): 33 kB
                   
Downloaded from central: https://repo.maven.apache.org/maven2/org/apache/commons/commons-lang3/3.20.0/commons-lang3-3.20.0.pom (33 kB at 987 kB/s)
Downloading from central: https://repo.maven.apache.org/maven2/org/apache/commons/commons-parent/92/commons-parent-92.pom
Progress (1): 773 B
Progress (1): 2.0 kB
Progress (1): 3.4 kB
Progress (1): 5.0 kB
Progress (1): 7.2 kB
Progress (1): 9.9 kB
Progress (1): 12 kB 
Progress (1): 14 kB
Progress (1): 16 kB
Progress (1): 16 kB
Progress (1): 19 kB
Progress (1): 22 kB
Progress (1): 24 kB
Progress (1): 26 kB
Progress (1): 30 kB
Progress (1): 33 kB
Progress (1): 39 kB
Progress (1): 42 kB
Progress (1): 45 kB
Progress (1): 47 kB
Progress (1): 50 kB
Progress (1): 53 kB
Progress (1): 57 kB
Progress (1): 59 kB
Progress (1): 62 kB
Progress (1): 65 kB
Progress (1): 69 kB
Progress (1): 72 kB
Progress (1): 74 kB
Progress (1): 77 kB
Progress (1): 80 kB
                   
Downloaded from central: https://repo.maven.apache.org/maven2/org/apache/commons/commons-parent/92/commons-parent-92.pom (80 kB at 1.7 MB/s)
Downloading from central: https://repo.maven.apache.org/maven2/org/junit/junit-bom/5.13.4/junit-bom-5.13.4.pom
Progress (1): 908 B
Progress (1): 4.1 kB
Progress (1): 5.7 kB
                    
Downloaded from central: https://repo.maven.apache.org/maven2/org/junit/junit-bom/5.13.4/junit-bom-5.13.4.pom (5.7 kB at 218 kB/s)
Downloading from central: https://repo.maven.apache.org/maven2/org/apache/maven/shared/maven-filtering/3.4.0/maven-filtering-3.4.0.jar
Progress (1): 7.7/56 kB
Progress (1): 16/56 kB 
Progress (1): 32/56 kB
Progress (1): 49/56 kB
Progress (1): 56 kB   
                   
Downloaded from central: https://repo.maven.apache.org/maven2/org/apache/maven/shared/maven-filtering/3.4.0/maven-filtering-3.4.0.jar (56 kB at 1.5 MB/s)
Downloading from central: https://repo.maven.apache.org/maven2/org/slf4j/slf4j-api/1.7.36/slf4j-api-1.7.36.jar
Downloading from central: https://repo.maven.apache.org/maven2/org/sonatype/plexus/plexus-build-api/0.0.7/plexus-build-api-0.0.7.jar
Downloading from central: https://repo.maven.apache.org/maven2/org/codehaus/plexus/plexus-utils/4.0.2/plexus-utils-4.0.2.jar
Downloading from central: https://repo.maven.apache.org/maven2/org/codehaus/plexus/plexus-xml/3.0.1/plexus-xml-3.0.1.jar
Downloading from central: https://repo.maven.apache.org/maven2/org/codehaus/plexus/plexus-interpolation/1.27/plexus-interpolation-1.27.jar
Progress (1): 3.8/41 kB
Progress (1): 8.0/41 kB
Progress (2): 8.0/41 kB | 7.7/86 kB
Progress (2): 8.0/41 kB | 16/86 kB 
Progress (2): 12/41 kB | 16/86 kB 
Progress (2): 16/41 kB | 16/86 kB
Progress (2): 21/41 kB | 16/86 kB
Progress (3): 21/41 kB | 16/86 kB | 7.7/193 kB
Progress (3): 21/41 kB | 16/86 kB | 16/193 kB 
Progress (3): 24/41 kB | 16/86 kB | 16/193 kB
Progress (3): 28/41 kB | 16/86 kB | 16/193 kB
Progress (3): 28/41 kB | 32/86 kB | 16/193 kB
Progress (3): 33/41 kB | 32/86 kB | 16/193 kB
Progress (3): 37/41 kB | 32/86 kB | 16/193 kB
Progress (3): 37/41 kB | 32/86 kB | 32/193 kB
Progress (3): 41/41 kB | 32/86 kB | 32/193 kB
Progress (3): 41 kB | 32/86 kB | 32/193 kB   
Progress (3): 41 kB | 49/86 kB | 32/193 kB
Progress (3): 41 kB | 49/86 kB | 49/193 kB
                                          
Downloaded from central: https://repo.maven.apache.org/maven2/org/slf4j/slf4j-api/1.7.36/slf4j-api-1.7.36.jar (41 kB at 1.4 MB/s)
Downloading from central: https://repo.maven.apache.org/maven2/commons-io/commons-io/2.16.1/commons-io-2.16.1.jar
Progress (3): 49/86 kB | 49/193 kB | 7.7/8.5 kB
Progress (3): 49/86 kB | 49/193 kB | 8.5 kB    
Progress (3): 49/86 kB | 65/193 kB | 8.5 kB
                                           
Downloaded from central: https://repo.maven.apache.org/maven2/org/sonatype/plexus/plexus-build-api/0.0.7/plexus-build-api-0.0.7.jar (8.5 kB at 274 kB/s)
Downloading from central: https://repo.maven.apache.org/maven2/org/apache/commons/commons-lang3/3.20.0/commons-lang3-3.20.0.jar
Progress (2): 49/86 kB | 81/193 kB
Progress (2): 49/86 kB | 98/193 kB
Progress (2): 49/86 kB | 114/193 kB
Progress (2): 49/86 kB | 130/193 kB
Progress (2): 57/86 kB | 130/193 kB
Progress (2): 57/86 kB | 147/193 kB
Progress (2): 57/86 kB | 147/193 kB
Progress (2): 73/86 kB | 147/193 kB
Progress (2): 73/86 kB | 164/193 kB
Progress (2): 86 kB | 164/193 kB   
Progress (2): 86 kB | 180/193 kB
                                
Downloaded from central: https://repo.maven.apache.org/maven2/org/codehaus/plexus/plexus-interpolation/1.27/plexus-interpolation-1.27.jar (86 kB at 2.6 MB/s)
Downloading from central: https://repo.maven.apache.org/maven2/javax/inject/javax.inject/1/javax.inject-1.jar
Progress (1): 193 kB
                    
Downloaded from central: https://repo.maven.apache.org/maven2/org/codehaus/plexus/plexus-utils/4.0.2/plexus-utils-4.0.2.jar (193 kB at 5.7 MB/s)
Progress (1): 16/94 kB
Progress (1): 25/94 kB
Progress (1): 41/94 kB
Progress (1): 57/94 kB
Progress (1): 74/94 kB
Progress (1): 90/94 kB
Progress (1): 94 kB   
                   
Downloaded from central: https://repo.maven.apache.org/maven2/org/codehaus/plexus/plexus-xml/3.0.1/plexus-xml-3.0.1.jar (94 kB at 2.1 MB/s)
Progress (1): 3.4/509 kB
Progress (1): 20/509 kB 
Progress (1): 36/509 kB
Progress (1): 53/509 kB
Progress (1): 61/509 kB
Progress (1): 77/509 kB
Progress (1): 93/509 kB
Progress (1): 110/509 kB
Progress (1): 126/509 kB
Progress (2): 126/509 kB | 2.5 kB
                                 
Downloaded from central: https://repo.maven.apache.org/maven2/javax/inject/javax.inject/1/javax.inject-1.jar (2.5 kB at 47 kB/s)
Progress (1): 143/509 kB
Progress (1): 159/509 kB
Progress (1): 175/509 kB
Progress (1): 192/509 kB
Progress (1): 208/509 kB
Progress (1): 225/509 kB
Progress (1): 241/509 kB
Progress (1): 257/509 kB
Progress (1): 270/509 kB
Progress (1): 286/509 kB
Progress (1): 302/509 kB
Progress (1): 319/509 kB
Progress (1): 335/509 kB
Progress (2): 335/509 kB | 3.8/714 kB
Progress (2): 335/509 kB | 8.0/714 kB
Progress (2): 352/509 kB | 8.0/714 kB
Progress (2): 352/509 kB | 12/714 kB 
Progress (2): 352/509 kB | 16/714 kB
Progress (2): 352/509 kB | 21/714 kB
Progress (2): 352/509 kB | 25/714 kB
Progress (2): 368/509 kB | 25/714 kB
Progress (2): 368/509 kB | 29/714 kB
Progress (2): 368/509 kB | 33/714 kB
Progress (2): 368/509 kB | 37/714 kB
Progress (2): 368/509 kB | 41/714 kB
Progress (2): 384/509 kB | 41/714 kB
Progress (2): 384/509 kB | 45/714 kB
Progress (2): 384/509 kB | 50/714 kB
Progress (2): 401/509 kB | 50/714 kB
Progress (2): 401/509 kB | 54/714 kB
Progress (2): 417/509 kB | 54/714 kB
Progress (2): 417/509 kB | 70/714 kB
Progress (2): 434/509 kB | 70/714 kB
Progress (2): 434/509 kB | 87/714 kB
Progress (2): 434/509 kB | 90/714 kB
Progress (2): 450/509 kB | 90/714 kB
Progress (2): 466/509 kB | 90/714 kB
Progress (2): 483/509 kB | 90/714 kB
Progress (2): 494/509 kB | 90/714 kB
Progress (2): 509 kB | 90/714 kB    
                                
Downloaded from central: https://repo.maven.apache.org/maven2/commons-io/commons-io/2.16.1/commons-io-2.16.1.jar (509 kB at 7.7 MB/s)
Progress (1): 106/714 kB
Progress (1): 115/714 kB
Progress (1): 131/714 kB
Progress (1): 147/714 kB
Progress (1): 164/714 kB
Progress (1): 180/714 kB
Progress (1): 197/714 kB
Progress (1): 213/714 kB
Progress (1): 229/714 kB
Progress (1): 246/714 kB
Progress (1): 262/714 kB
Progress (1): 279/714 kB
Progress (1): 295/714 kB
Progress (1): 311/714 kB
Progress (1): 328/714 kB
Progress (1): 344/714 kB
Progress (1): 360/714 kB
Progress (1): 377/714 kB
Progress (1): 393/714 kB
Progress (1): 410/714 kB
Progress (1): 426/714 kB
Progress (1): 442/714 kB
Progress (1): 459/714 kB
Progress (1): 475/714 kB
Progress (1): 479/714 kB
Progress (1): 495/714 kB
Progress (1): 512/714 kB
Progress (1): 528/714 kB
Progress (1): 544/714 kB
Progress (1): 561/714 kB
Progress (1): 577/714 kB
Progress (1): 594/714 kB
Progress (1): 610/714 kB
Progress (1): 626/714 kB
Progress (1): 643/714 kB
Progress (1): 659/714 kB
Progress (1): 676/714 kB
Progress (1): 692/714 kB
Progress (1): 708/714 kB
Progress (1): 714 kB    
                    
Downloaded from central: https://repo.maven.apache.org/maven2/org/apache/commons/commons-lang3/3.20.0/commons-lang3-3.20.0.jar (714 kB at 7.7 MB/s)
[INFO] Copying 1 resource from src/main/resources to target/classes
[INFO] 
[INFO] --- compiler:3.15.0:compile (default-compile) @ commons-email ---
Downloading from central: https://repo.maven.apache.org/maven2/org/ow2/asm/asm/9.9.1/asm-9.9.1.pom
Progress (1): 1.3 kB
Progress (1): 2.4 kB
                    
Downloaded from central: https://repo.maven.apache.org/maven2/org/ow2/asm/asm/9.9.1/asm-9.9.1.pom (2.4 kB at 91 kB/s)
Downloading from central: https://repo.maven.apache.org/maven2/org/ow2/ow2/1.5.1/ow2-1.5.1.pom
Progress (1): 709 B
Progress (1): 2.1 kB
Progress (1): 3.6 kB
Progress (1): 5.7 kB
Progress (1): 8.1 kB
Progress (1): 11 kB 
                   
Downloaded from central: https://repo.maven.apache.org/maven2/org/ow2/ow2/1.5.1/ow2-1.5.1.pom (11 kB at 434 kB/s)
Downloading from central: https://repo.maven.apache.org/maven2/org/apache/maven/shared/maven-shared-utils/3.4.2/maven-shared-utils-3.4.2.pom
Progress (1): 793 B
Progress (1): 2.3 kB
Progress (1): 4.3 kB
Progress (1): 5.9 kB
                    
Downloaded from central: https://repo.maven.apache.org/maven2/org/apache/maven/shared/maven-shared-utils/3.4.2/maven-shared-utils-3.4.2.pom (5.9 kB at 174 kB/s)
Downloading from central: https://repo.maven.apache.org/maven2/org/apache/maven/shared/maven-shared-components/39/maven-shared-components-39.pom
Progress (1): 812 B
Progress (1): 2.2 kB
Progress (1): 3.2 kB
                    
Downloaded from central: https://repo.maven.apache.org/maven2/org/apache/maven/shared/maven-shared-components/39/maven-shared-components-39.pom (3.2 kB at 134 kB/s)
Downloading from central: https://repo.maven.apache.org/maven2/org/apache/maven/maven-parent/39/maven-parent-39.pom
Progress (1): 724 B
Progress (1): 1.9 kB
Progress (1): 5.5 kB
Progress (1): 9.8 kB
Progress (1): 14 kB 
Progress (1): 19 kB
Progress (1): 23 kB
Progress (1): 26 kB
Progress (1): 28 kB
Progress (1): 31 kB
Progress (1): 34 kB
Progress (1): 37 kB
Progress (1): 40 kB
Progress (1): 43 kB
Progress (1): 48 kB
                   
Downloaded from central: https://repo.maven.apache.org/maven2/org/apache/maven/maven-parent/39/maven-parent-39.pom (48 kB at 1.6 MB/s)
Downloading from central: https://repo.maven.apache.org/maven2/org/apache/apache/29/apache-29.pom
Progress (1): 741 B
Progress (1): 2.1 kB
Progress (1): 3.9 kB
Progress (1): 6.9 kB
Progress (1): 12 kB 
Progress (1): 16 kB
Progress (1): 19 kB
Progress (1): 21 kB
                   
Downloaded from central: https://repo.maven.apache.org/maven2/org/apache/apache/29/apache-29.pom (21 kB at 767 kB/s)
Downloading from central: https://repo.maven.apache.org/maven2/commons-io/commons-io/2.11.0/commons-io-2.11.0.pom
Progress (1): 764 B
Progress (1): 2.1 kB
Progress (1): 5.2 kB
Progress (1): 7.8 kB
Progress (1): 10 kB 
Progress (1): 12 kB
Progress (1): 15 kB
Progress (1): 18 kB
Progress (1): 20 kB
                   
Downloaded from central: https://repo.maven.apache.org/maven2/commons-io/commons-io/2.11.0/commons-io-2.11.0.pom (20 kB at 658 kB/s)
Downloading from central: https://repo.maven.apache.org/maven2/org/apache/commons/commons-parent/52/commons-parent-52.pom
Progress (1): 703 B
Progress (1): 1.8 kB
Progress (1): 3.1 kB
Progress (1): 4.6 kB
Progress (1): 6.7 kB
Progress (1): 8.1 kB
Progress (1): 10 kB 
Progress (1): 12 kB
Progress (1): 15 kB
Progress (1): 17 kB
Progress (1): 20 kB
Progress (1): 22 kB
Progress (1): 25 kB
Progress (1): 29 kB
Progress (1): 32 kB
Progress (1): 36 kB
Progress (1): 39 kB
Progress (1): 42 kB
Progress (1): 44 kB
Progress (1): 47 kB
Progress (1): 51 kB
Progress (1): 53 kB
Progress (1): 56 kB
Progress (1): 61 kB
Progress (1): 65 kB
Progress (1): 73 kB
Progress (1): 75 kB
Progress (1): 79 kB
                   
Downloaded from central: https://repo.maven.apache.org/maven2/org/apache/commons/commons-parent/52/commons-parent-52.pom (79 kB at 2.1 MB/s)
Downloading from central: https://repo.maven.apache.org/maven2/org/junit/junit-bom/5.7.2/junit-bom-5.7.2.pom
Progress (1): 912 B
Progress (1): 4.1 kB
Progress (1): 5.1 kB
                    
Downloaded from central: https://repo.maven.apache.org/maven2/org/junit/junit-bom/5.7.2/junit-bom-5.7.2.pom (5.1 kB at 146 kB/s)
Downloading from central: https://repo.maven.apache.org/maven2/org/apache/maven/shared/maven-shared-incremental/1.1/maven-shared-incremental-1.1.pom
Progress (1): 806 B
Progress (1): 2.3 kB
Progress (1): 4.7 kB
                    
Downloaded from central: https://repo.maven.apache.org/maven2/org/apache/maven/shared/maven-shared-incremental/1.1/maven-shared-incremental-1.1.pom (4.7 kB at 144 kB/s)
Downloading from central: https://repo.maven.apache.org/maven2/org/apache/maven/shared/maven-shared-components/19/maven-shared-components-19.pom
Progress (1): 773 B
Progress (1): 2.4 kB
Progress (1): 4.2 kB
Progress (1): 6.4 kB
                    
Downloaded from central: https://repo.maven.apache.org/maven2/org/apache/maven/shared/maven-shared-components/19/maven-shared-components-19.pom (6.4 kB at 265 kB/s)
Downloading from central: https://repo.maven.apache.org/maven2/org/apache/maven/maven-parent/23/maven-parent-23.pom
Progress (1): 726 B
Progress (1): 2.0 kB
Progress (1): 5.9 kB
Progress (1): 10 kB 
Progress (1): 15 kB
Progress (1): 19 kB
Progress (1): 22 kB
Progress (1): 25 kB
Progress (1): 27 kB
Progress (1): 31 kB
Progress (1): 33 kB
                   
Downloaded from central: https://repo.maven.apache.org/maven2/org/apache/maven/maven-parent/23/maven-parent-23.pom (33 kB at 1.3 MB/s)
Downloading from central: https://repo.maven.apache.org/maven2/org/apache/apache/13/apache-13.pom
Progress (1): 749 B
Progress (1): 2.1 kB
Progress (1): 4.1 kB
Progress (1): 9.0 kB
Progress (1): 11 kB 
Progress (1): 14 kB
                   
Downloaded from central: https://repo.maven.apache.org/maven2/org/apache/apache/13/apache-13.pom (14 kB at 451 kB/s)
Downloading from central: https://repo.maven.apache.org/maven2/org/codehaus/plexus/plexus-java/1.5.2/plexus-java-1.5.2.pom
Progress (1): 1.9 kB
Progress (1): 4.1 kB
                    
Downloaded from central: https://repo.maven.apache.org/maven2/org/codehaus/plexus/plexus-java/1.5.2/plexus-java-1.5.2.pom (4.1 kB at 136 kB/s)
Downloading from central: https://repo.maven.apache.org/maven2/org/codehaus/plexus/plexus-languages/1.5.2/plexus-languages-1.5.2.pom
Progress (1): 1.4 kB
Progress (1): 3.9 kB
                    
Downloaded from central: https://repo.maven.apache.org/maven2/org/codehaus/plexus/plexus-languages/1.5.2/plexus-languages-1.5.2.pom (3.9 kB at 175 kB/s)
Downloading from central: https://repo.maven.apache.org/maven2/org/codehaus/plexus/plexus/24/plexus-24.pom
Progress (1): 689 B
Progress (1): 2.5 kB
Progress (1): 6.4 kB
Progress (1): 8.8 kB
Progress (1): 11 kB 
Progress (1): 12 kB
Progress (1): 16 kB
Progress (1): 21 kB
Progress (1): 23 kB
Progress (1): 28 kB
Progress (1): 31 kB
                   
Downloaded from central: https://repo.maven.apache.org/maven2/org/codehaus/plexus/plexus/24/plexus-24.pom (31 kB at 1.1 MB/s)
Downloading from central: https://repo.maven.apache.org/maven2/com/thoughtworks/qdox/qdox/2.2.0/qdox-2.2.0.pom
Progress (1): 912 B
Progress (1): 3.4 kB
Progress (1): 6.7 kB
Progress (1): 7.5 kB
Progress (1): 11 kB 
Progress (1): 14 kB
Progress (1): 18 kB
                   
Downloaded from central: https://repo.maven.apache.org/maven2/com/thoughtworks/qdox/qdox/2.2.0/qdox-2.2.0.pom (18 kB at 490 kB/s)
Downloading from central: https://repo.maven.apache.org/maven2/org/sonatype/oss/oss-parent/9/oss-parent-9.pom
Progress (1): 838 B
Progress (1): 2.7 kB
Progress (1): 6.5 kB
Progress (1): 6.6 kB
                    
Downloaded from central: https://repo.maven.apache.org/maven2/org/sonatype/oss/oss-parent/9/oss-parent-9.pom (6.6 kB at 227 kB/s)
Downloading from central: https://repo.maven.apache.org/maven2/org/codehaus/plexus/plexus-compiler-api/2.16.2/plexus-compiler-api-2.16.2.pom
Progress (1): 1.4 kB
                    
Downloaded from central: https://repo.maven.apache.org/maven2/org/codehaus/plexus/plexus-compiler-api/2.16.2/plexus-compiler-api-2.16.2.pom (1.4 kB at 59 kB/s)
Downloading from central: https://repo.maven.apache.org/maven2/org/codehaus/plexus/plexus-compiler/2.16.2/plexus-compiler-2.16.2.pom
Progress (1): 1.2 kB
Progress (1): 4.6 kB
Progress (1): 7.5 kB
                    
Downloaded from central: https://repo.maven.apache.org/maven2/org/codehaus/plexus/plexus-compiler/2.16.2/plexus-compiler-2.16.2.pom (7.5 kB at 302 kB/s)
Downloading from central: https://repo.maven.apache.org/maven2/org/codehaus/plexus/plexus/25/plexus-25.pom
Progress (1): 690 B
Progress (1): 2.5 kB
Progress (1): 6.4 kB
Progress (1): 8.8 kB
Progress (1): 11 kB 
Progress (1): 12 kB
Progress (1): 17 kB
Progress (1): 21 kB
Progress (1): 23 kB
Progress (1): 28 kB
Progress (1): 31 kB
                   
Downloaded from central: https://repo.maven.apache.org/maven2/org/codehaus/plexus/plexus/25/plexus-25.pom (31 kB at 1.2 MB/s)
Downloading from central: https://repo.maven.apache.org/maven2/org/junit/junit-bom/5.14.1/junit-bom-5.14.1.pom
Progress (1): 908 B
Progress (1): 4.1 kB
Progress (1): 5.7 kB
                    
Downloaded from central: https://repo.maven.apache.org/maven2/org/junit/junit-bom/5.14.1/junit-bom-5.14.1.pom (5.7 kB at 195 kB/s)
Downloading from central: https://repo.maven.apache.org/maven2/org/codehaus/plexus/plexus-compiler-manager/2.16.2/plexus-compiler-manager-2.16.2.pom
Progress (1): 1.3 kB
                    
Downloaded from central: https://repo.maven.apache.org/maven2/org/codehaus/plexus/plexus-compiler-manager/2.16.2/plexus-compiler-manager-2.16.2.pom (1.3 kB at 46 kB/s)
Downloading from central: https://repo.maven.apache.org/maven2/org/codehaus/plexus/plexus-compiler-javac/2.16.2/plexus-compiler-javac-2.16.2.pom
Progress (1): 1.3 kB
                    
Downloaded from central: https://repo.maven.apache.org/maven2/org/codehaus/plexus/plexus-compiler-javac/2.16.2/plexus-compiler-javac-2.16.2.pom (1.3 kB at 46 kB/s)
Downloading from central: https://repo.maven.apache.org/maven2/org/codehaus/plexus/plexus-compilers/2.16.2/plexus-compilers-2.16.2.pom
Progress (1): 1.6 kB
Progress (1): 1.6 kB
                    
Downloaded from central: https://repo.maven.apache.org/maven2/org/codehaus/plexus/plexus-compilers/2.16.2/plexus-compilers-2.16.2.pom (1.6 kB at 65 kB/s)
Downloading from central: https://repo.maven.apache.org/maven2/org/ow2/asm/asm/9.9.1/asm-9.9.1.jar
Progress (1): 7.7/126 kB
Progress (1): 7.7/126 kB
Progress (1): 24/126 kB 
Progress (1): 40/126 kB
Progress (1): 57/126 kB
Progress (1): 73/126 kB
Progress (1): 90/126 kB
Progress (1): 106/126 kB
Progress (1): 122/126 kB
Progress (1): 126 kB    
                    
Downloaded from central: https://repo.maven.apache.org/maven2/org/ow2/asm/asm/9.9.1/asm-9.9.1.jar (126 kB at 4.7 MB/s)
Downloading from central: https://repo.maven.apache.org/maven2/org/apache/maven/shared/maven-shared-utils/3.4.2/maven-shared-utils-3.4.2.jar
Downloading from central: https://repo.maven.apache.org/maven2/org/apache/maven/shared/maven-shared-incremental/1.1/maven-shared-incremental-1.1.jar
Downloading from central: https://repo.maven.apache.org/maven2/commons-io/commons-io/2.11.0/commons-io-2.11.0.jar
Downloading from central: https://repo.maven.apache.org/maven2/com/thoughtworks/qdox/qdox/2.2.0/qdox-2.2.0.jar
Downloading from central: https://repo.maven.apache.org/maven2/org/codehaus/plexus/plexus-java/1.5.2/plexus-java-1.5.2.jar
Progress (1): 7.7/151 kB
Progress (1): 16/151 kB 
Progress (1): 32/151 kB
Progress (1): 49/151 kB
Progress (1): 65/151 kB
Progress (1): 81/151 kB
Progress (1): 98/151 kB
Progress (1): 114/151 kB
Progress (1): 123/151 kB
Progress (1): 139/151 kB
Progress (1): 151 kB    
                    
Downloaded from central: https://repo.maven.apache.org/maven2/org/apache/maven/shared/maven-shared-utils/3.4.2/maven-shared-utils-3.4.2.jar (151 kB at 5.8 MB/s)
Downloading from central: https://repo.maven.apache.org/maven2/org/codehaus/plexus/plexus-compiler-api/2.16.2/plexus-compiler-api-2.16.2.jar
Progress (1): 7.7/57 kB
Progress (1): 7.7/57 kB
Progress (1): 24/57 kB 
Progress (1): 40/57 kB
Progress (1): 57/57 kB
Progress (1): 57 kB   
                   
Downloaded from central: https://repo.maven.apache.org/maven2/org/codehaus/plexus/plexus-java/1.5.2/plexus-java-1.5.2.jar (57 kB at 1.9 MB/s)
Downloading from central: https://repo.maven.apache.org/maven2/org/codehaus/plexus/plexus-compiler-manager/2.16.2/plexus-compiler-manager-2.16.2.jar
Progress (1): 16/327 kB
Progress (1): 33/327 kB
Progress (1): 49/327 kB
Progress (2): 49/327 kB | 7.7/353 kB
Progress (2): 49/327 kB | 16/353 kB 
Progress (2): 66/327 kB | 16/353 kB
Progress (2): 66/327 kB | 32/353 kB
Progress (2): 82/327 kB | 32/353 kB
Progress (2): 82/327 kB | 49/353 kB
Progress (2): 98/327 kB | 49/353 kB
Progress (3): 98/327 kB | 49/353 kB | 7.7/14 kB
Progress (3): 98/327 kB | 49/353 kB | 7.7/14 kB
Progress (3): 98/327 kB | 65/353 kB | 7.7/14 kB
Progress (3): 98/327 kB | 65/353 kB | 14 kB    
Progress (3): 115/327 kB | 65/353 kB | 14 kB
Progress (3): 115/327 kB | 81/353 kB | 14 kB
                                            
Downloaded from central: https://repo.maven.apache.org/maven2/org/apache/maven/shared/maven-shared-incremental/1.1/maven-shared-incremental-1.1.jar (14 kB at 366 kB/s)
Downloading from central: https://repo.maven.apache.org/maven2/org/codehaus/plexus/plexus-compiler-javac/2.16.2/plexus-compiler-javac-2.16.2.jar
Progress (2): 115/327 kB | 98/353 kB
Progress (2): 115/327 kB | 114/353 kB
Progress (2): 115/327 kB | 130/353 kB
Progress (2): 115/327 kB | 147/353 kB
Progress (2): 131/327 kB | 147/353 kB
Progress (2): 131/327 kB | 163/353 kB
Progress (2): 147/327 kB | 163/353 kB
Progress (2): 147/327 kB | 179/353 kB
Progress (2): 164/327 kB | 179/353 kB
Progress (2): 164/327 kB | 196/353 kB
Progress (2): 180/327 kB | 196/353 kB
Progress (2): 180/327 kB | 212/353 kB
Progress (2): 197/327 kB | 212/353 kB
Progress (2): 197/327 kB | 229/353 kB
Progress (2): 213/327 kB | 229/353 kB
Progress (2): 229/327 kB | 229/353 kB
Progress (2): 246/327 kB | 229/353 kB
Progress (2): 262/327 kB | 229/353 kB
Progress (2): 262/327 kB | 245/353 kB
Progress (2): 279/327 kB | 245/353 kB
Progress (2): 279/327 kB | 261/353 kB
Progress (2): 295/327 kB | 261/353 kB
Progress (2): 295/327 kB | 278/353 kB
Progress (2): 311/327 kB | 278/353 kB
Progress (2): 311/327 kB | 294/353 kB
Progress (2): 327 kB | 294/353 kB    
                                 
Downloaded from central: https://repo.maven.apache.org/maven2/commons-io/commons-io/2.11.0/commons-io-2.11.0.jar (327 kB at 7.0 MB/s)
Progress (1): 311/353 kB
Progress (1): 327/353 kB
Progress (1): 343/353 kB
Progress (1): 353 kB    
                    
Downloaded from central: https://repo.maven.apache.org/maven2/com/thoughtworks/qdox/qdox/2.2.0/qdox-2.2.0.jar (353 kB at 7.4 MB/s)
Progress (1): 5.2 kB
                    
Downloaded from central: https://repo.maven.apache.org/maven2/org/codehaus/plexus/plexus-compiler-manager/2.16.2/plexus-compiler-manager-2.16.2.jar (5.2 kB at 107 kB/s)
Progress (1): 7.7/29 kB
Progress (1): 16/29 kB 
Progress (1): 29 kB   
                   
Downloaded from central: https://repo.maven.apache.org/maven2/org/codehaus/plexus/plexus-compiler-api/2.16.2/plexus-compiler-api-2.16.2.jar (29 kB at 582 kB/s)
Progress (1): 7.7/30 kB
Progress (1): 16/30 kB 
Progress (1): 30 kB   
                   
Downloaded from central: https://repo.maven.apache.org/maven2/org/codehaus/plexus/plexus-compiler-javac/2.16.2/plexus-compiler-javac-2.16.2.jar (30 kB at 336 kB/s)
[INFO] Recompiling the module because of changed source code.
target 11] to target/classes
Warning:  /home/runner/work/testci-common-email/testci-common-email/src/main/java/org/apache/commons/mail/EmailConstants.java:[44,32] deprecated item is not annotated with @Deprecated
[INFO] 
[INFO] --- resources:3.4.0:testResources (default-testResources) @ commons-email ---
[INFO] Copying 19 resources from src/test/resources to target/test-classes
[INFO] 
[INFO] --- compiler:3.15.0:testCompile (default-testCompile) @ commons-email ---
[INFO] Recompiling the module because of changed dependency.
target 11] to target/test-classes
[INFO] 
[INFO] --- surefire:3.5.4:test (default-test) @ commons-email ---
Downloading from central: https://repo.maven.apache.org/maven2/org/apache/maven/surefire/surefire-api/3.5.4/surefire-api-3.5.4.pom
Progress (1): 839 B
Progress (1): 2.9 kB
Progress (1): 3.4 kB
Progress (1): 3.7 kB
                    
Downloaded from central: https://repo.maven.apache.org/maven2/org/apache/maven/surefire/surefire-api/3.5.4/surefire-api-3.5.4.pom (3.7 kB at 128 kB/s)
Downloading from central: https://repo.maven.apache.org/maven2/org/apache/maven/surefire/surefire-logger-api/3.5.4/surefire-logger-api-3.5.4.pom
Progress (1): 826 B
Progress (1): 2.5 kB
Progress (1): 3.5 kB
                    
Downloaded from central: https://repo.maven.apache.org/maven2/org/apache/maven/surefire/surefire-logger-api/3.5.4/surefire-logger-api-3.5.4.pom (3.5 kB at 100 kB/s)
Downloading from central: https://repo.maven.apache.org/maven2/org/apache/maven/surefire/surefire-shared-utils/3.5.4/surefire-shared-utils-3.5.4.pom
Progress (1): 1.1 kB
Progress (1): 4.0 kB
                    
Downloaded from central: https://repo.maven.apache.org/maven2/org/apache/maven/surefire/surefire-shared-utils/3.5.4/surefire-shared-utils-3.5.4.pom (4.0 kB at 146 kB/s)
Downloading from central: https://repo.maven.apache.org/maven2/org/apache/maven/surefire/surefire-extensions-api/3.5.4/surefire-extensions-api-3.5.4.pom
Progress (1): 833 B
Progress (1): 3.1 kB
Progress (1): 3.6 kB
                    
Downloaded from central: https://repo.maven.apache.org/maven2/org/apache/maven/surefire/surefire-extensions-api/3.5.4/surefire-extensions-api-3.5.4.pom (3.6 kB at 132 kB/s)
Downloading from central: https://repo.maven.apache.org/maven2/org/apache/maven/surefire/maven-surefire-common/3.5.4/maven-surefire-common-3.5.4.pom
Progress (1): 839 B
Progress (1): 4.1 kB
Progress (1): 7.0 kB
Progress (1): 7.3 kB
                    
Downloaded from central: https://repo.maven.apache.org/maven2/org/apache/maven/surefire/maven-surefire-common/3.5.4/maven-surefire-common-3.5.4.pom (7.3 kB at 292 kB/s)
Downloading from central: https://repo.maven.apache.org/maven2/org/apache/maven/surefire/surefire-booter/3.5.4/surefire-booter-3.5.4.pom
Progress (1): 827 B
Progress (1): 3.5 kB
Progress (1): 5.0 kB
                    
Downloaded from central: https://repo.maven.apache.org/maven2/org/apache/maven/surefire/surefire-booter/3.5.4/surefire-booter-3.5.4.pom (5.0 kB at 199 kB/s)
Downloading from central: https://repo.maven.apache.org/maven2/org/apache/maven/surefire/surefire-extensions-spi/3.5.4/surefire-extensions-spi-3.5.4.pom
Progress (1): 873 B
Progress (1): 1.7 kB
                    
Downloaded from central: https://repo.maven.apache.org/maven2/org/apache/maven/surefire/surefire-extensions-spi/3.5.4/surefire-extensions-spi-3.5.4.pom (1.7 kB at 69 kB/s)
Downloading from central: https://repo.maven.apache.org/maven2/org/apache/maven/resolver/maven-resolver-util/1.4.1/maven-resolver-util-1.4.1.pom
Progress (1): 825 B
Progress (1): 2.8 kB
Progress (1): 2.8 kB
                    
Downloaded from central: https://repo.maven.apache.org/maven2/org/apache/maven/resolver/maven-resolver-util/1.4.1/maven-resolver-util-1.4.1.pom (2.8 kB at 117 kB/s)
Downloading from central: https://repo.maven.apache.org/maven2/org/apache/maven/resolver/maven-resolver/1.4.1/maven-resolver-1.4.1.pom
Progress (1): 774 B
Progress (1): 2.2 kB
Progress (1): 6.0 kB
Progress (1): 9.6 kB
Progress (1): 13 kB 
Progress (1): 16 kB
Progress (1): 18 kB
                   
Downloaded from central: https://repo.maven.apache.org/maven2/org/apache/maven/resolver/maven-resolver/1.4.1/maven-resolver-1.4.1.pom (18 kB at 757 kB/s)
Downloading from central: https://repo.maven.apache.org/maven2/org/apache/maven/maven-parent/33/maven-parent-33.pom
Progress (1): 717 B
Progress (1): 1.9 kB
Progress (1): 5.4 kB
Progress (1): 9.9 kB
Progress (1): 14 kB 
Progress (1): 19 kB
Progress (1): 23 kB
Progress (1): 26 kB
Progress (1): 27 kB
Progress (1): 30 kB
Progress (1): 34 kB
Progress (1): 36 kB
Progress (1): 39 kB
Progress (1): 44 kB
                   
Downloaded from central: https://repo.maven.apache.org/maven2/org/apache/maven/maven-parent/33/maven-parent-33.pom (44 kB at 1.3 MB/s)
Downloading from central: https://repo.maven.apache.org/maven2/org/apache/apache/21/apache-21.pom
Progress (1): 753 B
Progress (1): 2.1 kB
Progress (1): 3.9 kB
Progress (1): 8.3 kB
Progress (1): 13 kB 
Progress (1): 16 kB
Progress (1): 17 kB
                   
Downloaded from central: https://repo.maven.apache.org/maven2/org/apache/apache/21/apache-21.pom (17 kB at 552 kB/s)
Downloading from central: https://repo.maven.apache.org/maven2/org/apache/maven/resolver/maven-resolver-api/1.4.1/maven-resolver-api-1.4.1.pom
Progress (1): 843 B
Progress (1): 2.6 kB
Progress (1): 2.6 kB
                    
Downloaded from central: https://repo.maven.apache.org/maven2/org/apache/maven/resolver/maven-resolver-api/1.4.1/maven-resolver-api-1.4.1.pom (2.6 kB at 114 kB/s)
Downloading from central: https://repo.maven.apache.org/maven2/org/apache/maven/shared/maven-common-artifact-filters/3.4.0/maven-common-artifact-filters-3.4.0.pom
Progress (1): 798 B
Progress (1): 2.3 kB
Progress (1): 5.4 kB
Progress (1): 5.4 kB
                    
Downloaded from central: https://repo.maven.apache.org/maven2/org/apache/maven/shared/maven-common-artifact-filters/3.4.0/maven-common-artifact-filters-3.4.0.pom (5.4 kB at 199 kB/s)
Downloading from central: https://repo.maven.apache.org/maven2/org/apache/maven/shared/maven-shared-components/42/maven-shared-components-42.pom
Progress (1): 811 B
Progress (1): 2.3 kB
Progress (1): 3.8 kB
                    
Downloaded from central: https://repo.maven.apache.org/maven2/org/apache/maven/shared/maven-shared-components/42/maven-shared-components-42.pom (3.8 kB at 164 kB/s)
Downloading from central: https://repo.maven.apache.org/maven2/org/codehaus/plexus/plexus-java/1.5.0/plexus-java-1.5.0.pom
Progress (1): 1.9 kB
Progress (1): 4.1 kB
                    
Downloaded from central: https://repo.maven.apache.org/maven2/org/codehaus/plexus/plexus-java/1.5.0/plexus-java-1.5.0.pom (4.1 kB at 146 kB/s)
Downloading from central: https://repo.maven.apache.org/maven2/org/codehaus/plexus/plexus-languages/1.5.0/plexus-languages-1.5.0.pom
Progress (1): 1.4 kB
Progress (1): 3.9 kB
                    
Downloaded from central: https://repo.maven.apache.org/maven2/org/codehaus/plexus/plexus-languages/1.5.0/plexus-languages-1.5.0.pom (3.9 kB at 168 kB/s)
Downloading from central: https://repo.maven.apache.org/maven2/org/codehaus/plexus/plexus/20/plexus-20.pom
Progress (1): 692 B
Progress (1): 2.5 kB
Progress (1): 6.4 kB
Progress (1): 8.8 kB
Progress (1): 11 kB 
Progress (1): 14 kB
Progress (1): 17 kB
Progress (1): 20 kB
Progress (1): 24 kB
Progress (1): 28 kB
Progress (1): 29 kB
                   
Downloaded from central: https://repo.maven.apache.org/maven2/org/codehaus/plexus/plexus/20/plexus-20.pom (29 kB at 941 kB/s)
Downloading from central: https://repo.maven.apache.org/maven2/org/junit/junit-bom/5.11.4/junit-bom-5.11.4.pom
Progress (1): 908 B
Progress (1): 4.1 kB
Progress (1): 5.6 kB
                    
Downloaded from central: https://repo.maven.apache.org/maven2/org/junit/junit-bom/5.11.4/junit-bom-5.11.4.pom (5.6 kB at 282 kB/s)
Downloading from central: https://repo.maven.apache.org/maven2/org/ow2/asm/asm/9.8/asm-9.8.pom
Progress (1): 1.3 kB
Progress (1): 2.4 kB
                    
Downloaded from central: https://repo.maven.apache.org/maven2/org/ow2/asm/asm/9.8/asm-9.8.pom (2.4 kB at 95 kB/s)
Downloading from central: https://repo.maven.apache.org/maven2/org/apache/maven/surefire/surefire-api/3.5.4/surefire-api-3.5.4.jar
Progress (1): 7.7/174 kB
Progress (1): 16/174 kB 
Progress (1): 32/174 kB
Progress (1): 49/174 kB
Progress (1): 65/174 kB
Progress (1): 81/174 kB
Progress (1): 98/174 kB
Progress (1): 114/174 kB
Progress (1): 131/174 kB
Progress (1): 147/174 kB
Progress (1): 163/174 kB
Progress (1): 174 kB    
                    
Downloaded from central: https://repo.maven.apache.org/maven2/org/apache/maven/surefire/surefire-api/3.5.4/surefire-api-3.5.4.jar (174 kB at 5.8 MB/s)
Downloading from central: https://repo.maven.apache.org/maven2/org/apache/maven/surefire/surefire-logger-api/3.5.4/surefire-logger-api-3.5.4.jar
Downloading from central: https://repo.maven.apache.org/maven2/org/apache/maven/surefire/surefire-shared-utils/3.5.4/surefire-shared-utils-3.5.4.jar
Downloading from central: https://repo.maven.apache.org/maven2/org/apache/maven/surefire/surefire-extensions-api/3.5.4/surefire-extensions-api-3.5.4.jar
Downloading from central: https://repo.maven.apache.org/maven2/org/apache/maven/surefire/maven-surefire-common/3.5.4/maven-surefire-common-3.5.4.jar
Downloading from central: https://repo.maven.apache.org/maven2/org/apache/maven/surefire/surefire-booter/3.5.4/surefire-booter-3.5.4.jar
Progress (1): 7.7/14 kB
Progress (1): 14 kB    
                   
Downloaded from central: https://repo.maven.apache.org/maven2/org/apache/maven/surefire/surefire-logger-api/3.5.4/surefire-logger-api-3.5.4.jar (14 kB at 544 kB/s)
Downloading from central: https://repo.maven.apache.org/maven2/org/apache/maven/surefire/surefire-extensions-spi/3.5.4/surefire-extensions-spi-3.5.4.jar
Progress (1): 7.7/26 kB
Progress (1): 12/26 kB 
Progress (1): 26 kB   
                   
Downloaded from central: https://repo.maven.apache.org/maven2/org/apache/maven/surefire/surefire-extensions-api/3.5.4/surefire-extensions-api-3.5.4.jar (26 kB at 989 kB/s)
Downloading from central: https://repo.maven.apache.org/maven2/org/apache/maven/resolver/maven-resolver-util/1.4.1/maven-resolver-util-1.4.1.jar
Progress (1): 0/2.9 MB
Progress (1): 0/2.9 MB
Progress (1): 0/2.9 MB
Progress (1): 0/2.9 MB
Progress (1): 0.1/2.9 MB
Progress (2): 0.1/2.9 MB | 7.7/119 kB
Progress (2): 0.1/2.9 MB | 16/119 kB 
Progress (2): 0.1/2.9 MB | 16/119 kB
Progress (2): 0.1/2.9 MB | 32/119 kB
Progress (2): 0.1/2.9 MB | 32/119 kB
Progress (2): 0.1/2.9 MB | 49/119 kB
Progress (2): 0.1/2.9 MB | 65/119 kB
Progress (2): 0.1/2.9 MB | 81/119 kB
Progress (2): 0.1/2.9 MB | 81/119 kB
Progress (2): 0.1/2.9 MB | 81/119 kB
Progress (2): 0.1/2.9 MB | 81/119 kB
Progress (3): 0.1/2.9 MB | 81/119 kB | 7.7/314 kB
Progress (3): 0.1/2.9 MB | 81/119 kB | 12/314 kB 
Progress (3): 0.2/2.9 MB | 81/119 kB | 12/314 kB
Progress (3): 0.2/2.9 MB | 81/119 kB | 29/314 kB
Progress (3): 0.2/2.9 MB | 81/119 kB | 29/314 kB
Progress (3): 0.2/2.9 MB | 98/119 kB | 29/314 kB
Progress (3): 0.2/2.9 MB | 98/119 kB | 29/314 kB
Progress (3): 0.2/2.9 MB | 98/119 kB | 45/314 kB
Progress (3): 0.2/2.9 MB | 98/119 kB | 45/314 kB
Progress (3): 0.2/2.9 MB | 98/119 kB | 61/314 kB
Progress (3): 0.2/2.9 MB | 98/119 kB | 61/314 kB
Progress (3): 0.2/2.9 MB | 114/119 kB | 61/314 kB
Progress (3): 0.2/2.9 MB | 119 kB | 61/314 kB    
Progress (3): 0.2/2.9 MB | 119 kB | 61/314 kB
Progress (3): 0.3/2.9 MB | 119 kB | 61/314 kB
Progress (3): 0.3/2.9 MB | 119 kB | 61/314 kB
Progress (3): 0.3/2.9 MB | 119 kB | 78/314 kB
Progress (3): 0.3/2.9 MB | 119 kB | 78/314 kB
                                             
Downloaded from central: https://repo.maven.apache.org/maven2/org/apache/maven/surefire/surefire-booter/3.5.4/surefire-booter-3.5.4.jar (119 kB at 3.1 MB/s)
Downloading from central: https://repo.maven.apache.org/maven2/org/apache/maven/resolver/maven-resolver-api/1.4.1/maven-resolver-api-1.4.1.jar
Progress (2): 0.3/2.9 MB | 78/314 kB
Progress (2): 0.3/2.9 MB | 94/314 kB
Progress (2): 0.3/2.9 MB | 111/314 kB
Progress (2): 0.3/2.9 MB | 127/314 kB
Progress (2): 0.3/2.9 MB | 131/314 kB
Progress (2): 0.3/2.9 MB | 147/314 kB
Progress (2): 0.3/2.9 MB | 147/314 kB
Progress (2): 0.3/2.9 MB | 164/314 kB
Progress (2): 0.3/2.9 MB | 180/314 kB
Progress (2): 0.3/2.9 MB | 180/314 kB
Progress (2): 0.3/2.9 MB | 180/314 kB
Progress (2): 0.3/2.9 MB | 197/314 kB
Progress (2): 0.4/2.9 MB | 197/314 kB
Progress (2): 0.4/2.9 MB | 213/314 kB
Progress (2): 0.4/2.9 MB | 213/314 kB
Progress (2): 0.4/2.9 MB | 229/314 kB
Progress (2): 0.4/2.9 MB | 229/314 kB
Progress (2): 0.4/2.9 MB | 229/314 kB
Progress (3): 0.4/2.9 MB | 229/314 kB | 7.7/168 kB
Progress (3): 0.4/2.9 MB | 229/314 kB | 12/168 kB 
Progress (3): 0.4/2.9 MB | 229/314 kB | 12/168 kB
Progress (3): 0.4/2.9 MB | 229/314 kB | 29/168 kB
Progress (3): 0.4/2.9 MB | 229/314 kB | 33/168 kB
Progress (3): 0.4/2.9 MB | 229/314 kB | 33/168 kB
Progress (3): 0.4/2.9 MB | 246/314 kB | 33/168 kB
Progress (4): 0.4/2.9 MB | 246/314 kB | 33/168 kB | 7.7/8.2 kB
Progress (4): 0.4/2.9 MB | 246/314 kB | 33/168 kB | 8.2 kB    
Progress (4): 0.4/2.9 MB | 262/314 kB | 33/168 kB | 8.2 kB
Progress (4): 0.4/2.9 MB | 279/314 kB | 33/168 kB | 8.2 kB
                                                          
Downloaded from central: https://repo.maven.apache.org/maven2/org/apache/maven/surefire/surefire-extensions-spi/3.5.4/surefire-extensions-spi-3.5.4.jar (8.2 kB at 157 kB/s)
Downloading from central: https://repo.maven.apache.org/maven2/org/apache/maven/shared/maven-common-artifact-filters/3.4.0/maven-common-artifact-filters-3.4.0.jar
Progress (3): 0.4/2.9 MB | 295/314 kB | 33/168 kB
Progress (3): 0.4/2.9 MB | 311/314 kB | 33/168 kB
Progress (3): 0.4/2.9 MB | 314 kB | 33/168 kB    
Progress (3): 0.4/2.9 MB | 314 kB | 49/168 kB
Progress (3): 0.4/2.9 MB | 314 kB | 66/168 kB
Progress (3): 0.5/2.9 MB | 314 kB | 66/168 kB
Progress (3): 0.5/2.9 MB | 314 kB | 82/168 kB
Progress (3): 0.5/2.9 MB | 314 kB | 98/168 kB
Progress (3): 0.5/2.9 MB | 314 kB | 98/168 kB
Progress (3): 0.5/2.9 MB | 314 kB | 115/168 kB
Progress (3): 0.5/2.9 MB | 314 kB | 115/168 kB
                                              
Downloaded from central: https://repo.maven.apache.org/maven2/org/apache/maven/surefire/maven-surefire-common/3.5.4/maven-surefire-common-3.5.4.jar (314 kB at 5.6 MB/s)
Downloading from central: https://repo.maven.apache.org/maven2/org/codehaus/plexus/plexus-java/1.5.0/plexus-java-1.5.0.jar
Progress (2): 0.5/2.9 MB | 131/168 kB
Progress (2): 0.5/2.9 MB | 147/168 kB
Progress (2): 0.5/2.9 MB | 147/168 kB
Progress (2): 0.5/2.9 MB | 164/168 kB
Progress (2): 0.5/2.9 MB | 168 kB    
                                 
Downloaded from central: https://repo.maven.apache.org/maven2/org/apache/maven/resolver/maven-resolver-util/1.4.1/maven-resolver-util-1.4.1.jar (168 kB at 3.0 MB/s)
Downloading from central: https://repo.maven.apache.org/maven2/org/ow2/asm/asm/9.8/asm-9.8.jar
Progress (1): 0.5/2.9 MB
Progress (1): 0.5/2.9 MB
Progress (1): 0.6/2.9 MB
Progress (1): 0.6/2.9 MB
Progress (1): 0.6/2.9 MB
Progress (1): 0.6/2.9 MB
Progress (1): 0.6/2.9 MB
Progress (2): 0.6/2.9 MB | 7.7/149 kB
Progress (2): 0.6/2.9 MB | 12/149 kB 
Progress (2): 0.6/2.9 MB | 29/149 kB
Progress (2): 0.6/2.9 MB | 45/149 kB
Progress (2): 0.6/2.9 MB | 45/149 kB
Progress (2): 0.6/2.9 MB | 61/149 kB
Progress (2): 0.7/2.9 MB | 61/149 kB
Progress (2): 0.7/2.9 MB | 78/149 kB
Progress (2): 0.7/2.9 MB | 78/149 kB
Progress (2): 0.7/2.9 MB | 94/149 kB
Progress (2): 0.7/2.9 MB | 94/149 kB
Progress (2): 0.7/2.9 MB | 111/149 kB
Progress (2): 0.7/2.9 MB | 127/149 kB
Progress (2): 0.7/2.9 MB | 127/149 kB
Progress (2): 0.7/2.9 MB | 143/149 kB
Progress (2): 0.7/2.9 MB | 143/149 kB
Progress (2): 0.7/2.9 MB | 149 kB    
Progress (2): 0.7/2.9 MB | 149 kB
                                 
Downloaded from central: https://repo.maven.apache.org/maven2/org/apache/maven/resolver/maven-resolver-api/1.4.1/maven-resolver-api-1.4.1.jar (149 kB at 2.2 MB/s)
Progress (1): 0.8/2.9 MB
Progress (1): 0.8/2.9 MB
Progress (1): 0.8/2.9 MB
Progress (1): 0.8/2.9 MB
Progress (1): 0.8/2.9 MB
Progress (1): 0.8/2.9 MB
Progress (1): 0.9/2.9 MB
Progress (1): 0.9/2.9 MB
Progress (1): 0.9/2.9 MB
Progress (1): 0.9/2.9 MB
Progress (1): 0.9/2.9 MB
Progress (1): 0.9/2.9 MB
Progress (1): 0.9/2.9 MB
Progress (1): 1.0/2.9 MB
Progress (2): 1.0/2.9 MB | 7.7/126 kB
Progress (2): 1.0/2.9 MB | 12/126 kB 
Progress (2): 1.0/2.9 MB | 29/126 kB
Progress (2): 1.0/2.9 MB | 45/126 kB
Progress (2): 1.0/2.9 MB | 61/126 kB
Progress (3): 1.0/2.9 MB | 61/126 kB | 7.7/58 kB
Progress (3): 1.0/2.9 MB | 61/126 kB | 16/58 kB 
Progress (3): 1.0/2.9 MB | 61/126 kB | 16/58 kB
Progress (3): 1.0/2.9 MB | 61/126 kB | 32/58 kB
Progress (3): 1.0/2.9 MB | 61/126 kB | 32/58 kB
Progress (3): 1.0/2.9 MB | 61/126 kB | 49/58 kB
Progress (3): 1.0/2.9 MB | 61/126 kB | 49/58 kB
Progress (4): 1.0/2.9 MB | 61/126 kB | 49/58 kB | 7.7/57 kB
Progress (4): 1.0/2.9 MB | 61/126 kB | 49/58 kB | 12/57 kB 
Progress (4): 1.0/2.9 MB | 78/126 kB | 49/58 kB | 12/57 kB
Progress (4): 1.0/2.9 MB | 78/126 kB | 58 kB | 12/57 kB   
Progress (4): 1.0/2.9 MB | 78/126 kB | 58 kB | 28/57 kB
Progress (4): 1.0/2.9 MB | 94/126 kB | 58 kB | 28/57 kB
Progress (4): 1.0/2.9 MB | 111/126 kB | 58 kB | 28/57 kB
Progress (4): 1.0/2.9 MB | 126 kB | 58 kB | 28/57 kB    
Progress (4): 1.0/2.9 MB | 126 kB | 58 kB | 44/57 kB
Progress (4): 1.0/2.9 MB | 126 kB | 58 kB | 44/57 kB
Progress (4): 1.0/2.9 MB | 126 kB | 58 kB | 44/57 kB
                                                    
Downloaded from central: https://repo.maven.apache.org/maven2/org/apache/maven/shared/maven-common-artifact-filters/3.4.0/maven-common-artifact-filters-3.4.0.jar (58 kB at 696 kB/s)
Progress (3): 1.1/2.9 MB | 126 kB | 44/57 kB
Progress (3): 1.1/2.9 MB | 126 kB | 57 kB   
Progress (3): 1.1/2.9 MB | 126 kB | 57 kB
                                         
Downloaded from central: https://repo.maven.apache.org/maven2/org/ow2/asm/asm/9.8/asm-9.8.jar (126 kB at 1.5 MB/s)
Progress (2): 1.1/2.9 MB | 57 kB
Progress (2): 1.1/2.9 MB | 57 kB
                                
Downloaded from central: https://repo.maven.apache.org/maven2/org/codehaus/plexus/plexus-java/1.5.0/plexus-java-1.5.0.jar (57 kB at 652 kB/s)
Progress (1): 1.1/2.9 MB
Progress (1): 1.1/2.9 MB
Progress (1): 1.2/2.9 MB
Progress (1): 1.2/2.9 MB
Progress (1): 1.2/2.9 MB
Progress (1): 1.2/2.9 MB
Progress (1): 1.2/2.9 MB
Progress (1): 1.2/2.9 MB
Progress (1): 1.3/2.9 MB
Progress (1): 1.3/2.9 MB
Progress (1): 1.3/2.9 MB
Progress (1): 1.3/2.9 MB
Progress (1): 1.3/2.9 MB
Progress (1): 1.3/2.9 MB
Progress (1): 1.3/2.9 MB
Progress (1): 1.4/2.9 MB
Progress (1): 1.4/2.9 MB
Progress (1): 1.4/2.9 MB
Progress (1): 1.4/2.9 MB
Progress (1): 1.4/2.9 MB
Progress (1): 1.4/2.9 MB
Progress (1): 1.4/2.9 MB
Progress (1): 1.5/2.9 MB
Progress (1): 1.5/2.9 MB
Progress (1): 1.5/2.9 MB
Progress (1): 1.5/2.9 MB
Progress (1): 1.5/2.9 MB
Progress (1): 1.5/2.9 MB
Progress (1): 1.6/2.9 MB
Progress (1): 1.6/2.9 MB
Progress (1): 1.6/2.9 MB
Progress (1): 1.6/2.9 MB
Progress (1): 1.6/2.9 MB
Progress (1): 1.6/2.9 MB
Progress (1): 1.7/2.9 MB
Progress (1): 1.7/2.9 MB
Progress (1): 1.7/2.9 MB
Progress (1): 1.7/2.9 MB
Progress (1): 1.7/2.9 MB
Progress (1): 1.7/2.9 MB
Progress (1): 1.8/2.9 MB
Progress (1): 1.8/2.9 MB
Progress (1): 1.8/2.9 MB
Progress (1): 1.8/2.9 MB
Progress (1): 1.8/2.9 MB
Progress (1): 1.8/2.9 MB
Progress (1): 1.9/2.9 MB
Progress (1): 1.9/2.9 MB
Progress (1): 1.9/2.9 MB
Progress (1): 1.9/2.9 MB
Progress (1): 1.9/2.9 MB
Progress (1): 1.9/2.9 MB
Progress (1): 2.0/2.9 MB
Progress (1): 2.0/2.9 MB
Progress (1): 2.0/2.9 MB
Progress (1): 2.0/2.9 MB
Progress (1): 2.0/2.9 MB
Progress (1): 2.0/2.9 MB
Progress (1): 2.1/2.9 MB
Progress (1): 2.1/2.9 MB
Progress (1): 2.1/2.9 MB
Progress (1): 2.1/2.9 MB
Progress (1): 2.1/2.9 MB
Progress (1): 2.1/2.9 MB
Progress (1): 2.1/2.9 MB
Progress (1): 2.2/2.9 MB
Progress (1): 2.2/2.9 MB
Progress (1): 2.2/2.9 MB
Progress (1): 2.2/2.9 MB
Progress (1): 2.2/2.9 MB
Progress (1): 2.2/2.9 MB
Progress (1): 2.3/2.9 MB
Progress (1): 2.3/2.9 MB
Progress (1): 2.3/2.9 MB
Progress (1): 2.3/2.9 MB
Progress (1): 2.3/2.9 MB
Progress (1): 2.3/2.9 MB
Progress (1): 2.4/2.9 MB
Progress (1): 2.4/2.9 MB
Progress (1): 2.4/2.9 MB
Progress (1): 2.4/2.9 MB
Progress (1): 2.4/2.9 MB
Progress (1): 2.4/2.9 MB
Progress (1): 2.5/2.9 MB
Progress (1): 2.5/2.9 MB
Progress (1): 2.5/2.9 MB
Progress (1): 2.5/2.9 MB
Progress (1): 2.5/2.9 MB
Progress (1): 2.5/2.9 MB
Progress (1): 2.6/2.9 MB
Progress (1): 2.6/2.9 MB
Progress (1): 2.6/2.9 MB
Progress (1): 2.6/2.9 MB
Progress (1): 2.6/2.9 MB
Progress (1): 2.6/2.9 MB
Progress (1): 2.6/2.9 MB
Progress (1): 2.7/2.9 MB
Progress (1): 2.7/2.9 MB
Progress (1): 2.7/2.9 MB
Progress (1): 2.7/2.9 MB
Progress (1): 2.7/2.9 MB
Progress (1): 2.7/2.9 MB
Progress (1): 2.8/2.9 MB
Progress (1): 2.8/2.9 MB
Progress (1): 2.8/2.9 MB
Progress (1): 2.8/2.9 MB
Progress (1): 2.8/2.9 MB
Progress (1): 2.8/2.9 MB
Progress (1): 2.9/2.9 MB
Progress (1): 2.9/2.9 MB
Progress (1): 2.9/2.9 MB
Progress (1): 2.9/2.9 MB
Progress (1): 2.9/2.9 MB
Progress (1): 2.9 MB    
                    
Downloaded from central: https://repo.maven.apache.org/maven2/org/apache/maven/surefire/surefire-shared-utils/3.5.4/surefire-shared-utils-3.5.4.jar (2.9 MB at 20 MB/s)
[INFO] Using auto detected provider org.apache.maven.surefire.junit4.JUnit4Provider
Downloading from central: https://repo.maven.apache.org/maven2/org/apache/maven/surefire/surefire-junit4/3.5.4/surefire-junit4-3.5.4.pom
Progress (1): 833 B
Progress (1): 2.8 kB
Progress (1): 3.3 kB
                    
Downloaded from central: https://repo.maven.apache.org/maven2/org/apache/maven/surefire/surefire-junit4/3.5.4/surefire-junit4-3.5.4.pom (3.3 kB at 127 kB/s)
Downloading from central: https://repo.maven.apache.org/maven2/org/apache/maven/surefire/surefire-providers/3.5.4/surefire-providers-3.5.4.pom
Progress (1): 844 B
Progress (1): 2.5 kB
                    
Downloaded from central: https://repo.maven.apache.org/maven2/org/apache/maven/surefire/surefire-providers/3.5.4/surefire-providers-3.5.4.pom (2.5 kB at 110 kB/s)
Downloading from central: https://repo.maven.apache.org/maven2/org/apache/maven/surefire/common-java5/3.5.4/common-java5-3.5.4.pom
Progress (1): 839 B
Progress (1): 2.8 kB
Progress (1): 3.1 kB
                    
Downloaded from central: https://repo.maven.apache.org/maven2/org/apache/maven/surefire/common-java5/3.5.4/common-java5-3.5.4.pom (3.1 kB at 113 kB/s)
Downloading from central: https://repo.maven.apache.org/maven2/org/apache/maven/surefire/common-junit4/3.5.4/common-junit4-3.5.4.pom
Progress (1): 833 B
Progress (1): 3.0 kB
Progress (1): 3.4 kB
                    
Downloaded from central: https://repo.maven.apache.org/maven2/org/apache/maven/surefire/common-junit4/3.5.4/common-junit4-3.5.4.pom (3.4 kB at 121 kB/s)
Downloading from central: https://repo.maven.apache.org/maven2/org/apache/maven/surefire/common-junit3/3.5.4/common-junit3-3.5.4.pom
Progress (1): 844 B
Progress (1): 2.5 kB
Progress (1): 2.7 kB
                    
Downloaded from central: https://repo.maven.apache.org/maven2/org/apache/maven/surefire/common-junit3/3.5.4/common-junit3-3.5.4.pom (2.7 kB at 98 kB/s)
Downloading from central: https://repo.maven.apache.org/maven2/org/apache/maven/surefire/surefire-junit4/3.5.4/surefire-junit4-3.5.4.jar
Progress (1): 7.7/18 kB
Progress (1): 7.7/18 kB
Progress (1): 18 kB    
                   
Downloaded from central: https://repo.maven.apache.org/maven2/org/apache/maven/surefire/surefire-junit4/3.5.4/surefire-junit4-3.5.4.jar (18 kB at 666 kB/s)
Downloading from central: https://repo.maven.apache.org/maven2/org/apache/maven/surefire/common-java5/3.5.4/common-java5-3.5.4.jar
Downloading from central: https://repo.maven.apache.org/maven2/org/apache/maven/surefire/common-junit4/3.5.4/common-junit4-3.5.4.jar
Downloading from central: https://repo.maven.apache.org/maven2/org/apache/maven/surefire/common-junit3/3.5.4/common-junit3-3.5.4.jar
Progress (1): 7.7/18 kB
Progress (1): 16/18 kB 
Progress (1): 18 kB   
                   
Downloaded from central: https://repo.maven.apache.org/maven2/org/apache/maven/surefire/common-java5/3.5.4/common-java5-3.5.4.jar (18 kB at 766 kB/s)
Progress (1): 7.7/26 kB
Progress (1): 16/26 kB 
Progress (1): 24/26 kB
Progress (1): 26 kB   
                   
Downloaded from central: https://repo.maven.apache.org/maven2/org/apache/maven/surefire/common-junit4/3.5.4/common-junit4-3.5.4.jar (26 kB at 703 kB/s)
Progress (1): 7.7/12 kB
Progress (1): 12 kB    
                   
Downloaded from central: https://repo.maven.apache.org/maven2/org/apache/maven/surefire/common-junit3/3.5.4/common-junit3-3.5.4.jar (12 kB at 315 kB/s)
[INFO] 
[INFO] -------------------------------------------------------
[INFO]  T E S T S
[INFO] -------------------------------------------------------
[INFO] Running org.apache.commons.mail.EmailTest
[INFO] Tests run: 15, Failures: 0, Errors: 0, Skipped: 0, Time elapsed: 0.132 s -- in org.apache.commons.mail.EmailTest
[INFO] 
[INFO] Results:
[INFO] 
[INFO] Tests run: 15, Failures: 0, Errors: 0, Skipped: 0
[INFO] 
[INFO] ------------------------------------------------------------------------
[INFO] BUILD SUCCESS
[INFO] ------------------------------------------------------------------------
[INFO] Total time:  10.041 s
[INFO] Finished at: 2026-04-14T19:25:00Z
[INFO] ------------------------------------------------------------------------
1s
Post job cleanup.
/usr/bin/tar --posix -cf cache.tzst --exclude cache.tzst -P -C /home/runner/work/testci-common-email/testci-common-email --files-from manifest.txt --use-compress-program zstdmt
Sent 9019124 of 9019124 (100.0%), 29.0 MBs/sec
Cache saved with the key: setup-java-Linux-x64-maven-dd3adc34d4988a9fca1c3cfd33fe2dc60fa478db541ea98c77afd845366e5b2b
0s
Post job cleanup.
/usr/bin/git version
git version 2.53.0
Temporarily overriding HOME='/home/runner/work/_temp/33567789-88f1-404e-bb3a-a9505464c693' before making global git config changes
Adding repository directory to the temporary git global config as a safe directory
/usr/bin/git config --global --add safe.directory /home/runner/work/testci-common-email/testci-common-email
/usr/bin/git config --local --name-only --get-regexp core\.sshCommand
/usr/bin/git submodule foreach --recursive sh -c "git config --local --name-only --get-regexp 'core\.sshCommand' && git config --local --unset-all 'core.sshCommand' || :"
/usr/bin/git config --local --name-only --get-regexp http\.https\:\/\/github\.com\/\.extraheader
http.https://github.com/.extraheader
/usr/bin/git config --local --unset-all http.https://github.com/.extraheader
/usr/bin/git submodule foreach --recursive sh -c "git config --local --name-only --get-regexp 'http\.https\:\/\/github\.com\/\.extraheader' && git config --local --unset-all 'http.https://github.com/.extraheader' || :"
/usr/bin/git config --local --name-only --get-regexp ^includeIf\.gitdir:
/usr/bin/git submodule foreach --recursive git config --local --show-origin --name-only --get-regexp remote.origin.url
0s
Cleaning up orphan processes
Warning: Node.js 20 actions are deprecated. The following actions are running on Node.js 20 and may not work as expected: actions/checkout@v4, actions/setup-java@v4. Actions will be forced to run with Node.js 24 by default starting June 2nd, 2026. Node.js 20 will be removed from the runner on September 16th, 2026. Please check if updated versions of these actions are available that support Node.js 24. To opt into Node.js 24 now, set the FORCE_JAVASCRIPT_ACTIONS_TO_NODE24=true environment variable on the runner or in your workflow file. Once Node.js 24 becomes the default, you can temporarily opt out by setting ACTIONS_ALLOW_USE_UNSECURE_NODE_VERSION=true. For more information see: https://github.blog/changelog/2025-09-19-deprecation-of-node-20-on-github-actions-runners/


- Log test #2

trigger ci build and test #2
All jobs
Run details
Annotations
1 warning
build
succeeded 7 minutes ago in 12s
Search logs
1s
Current runner version: '2.333.1'
Runner Image Provisioner
Operating System
Runner Image
GITHUB_TOKEN Permissions
Secret source: Actions
Prepare workflow directory
Prepare all required actions
Getting action download info
Download action repository 'actions/checkout@v4' (SHA:34e114876b0b11c390a56381ad16ebd13914f8d5)
Download action repository 'actions/setup-java@v4' (SHA:c1e323688fd81a25caa38c78aa6df2d33d3e20d9)
Complete job name: build
0s
Run actions/checkout@v4
Syncing repository: Mhider24/testci-common-email
Getting Git version info
Temporarily overriding HOME='/home/runner/work/_temp/72c8b0bf-9a8b-4b73-aad6-c01ac343562a' before making global git config changes
Adding repository directory to the temporary git global config as a safe directory
/usr/bin/git config --global --add safe.directory /home/runner/work/testci-common-email/testci-common-email
Deleting the contents of '/home/runner/work/testci-common-email/testci-common-email'
Initializing the repository
Disabling automatic garbage collection
Setting up auth
Fetching the repository
Determining the checkout info
/usr/bin/git sparse-checkout disable
/usr/bin/git config --local --unset-all extensions.worktreeConfig
Checking out the ref
/usr/bin/git log -1 --format=%H
0360f56ca9c98d75e00a7ee51d360bb857dccba6
1s
Run actions/setup-java@v4
Installed distributions
Creating settings.xml with server-id: github
Writing to /home/runner/.m2/settings.xml
Cache hit for: setup-java-Linux-x64-maven-dd3adc34d4988a9fca1c3cfd33fe2dc60fa478db541ea98c77afd845366e5b2b
Received 9019124 of 9019124 (100.0%), 54.4 MBs/sec
Cache Size: ~9 MB (9019124 B)
/usr/bin/tar -xf /home/runner/work/_temp/5778d2ae-0d31-4b9d-99ea-85b93c39b1ba/cache.tzst -P -C /home/runner/work/testci-common-email/testci-common-email --use-compress-program unzstd
Cache restored successfully
Cache restored from key: setup-java-Linux-x64-maven-dd3adc34d4988a9fca1c3cfd33fe2dc60fa478db541ea98c77afd845366e5b2b
8s
Run mvn clean test
[INFO] Scanning for projects...
[INFO] 
[INFO] ------------------< org.apache.commons:commons-email >------------------
[INFO] Building Commons Email 1.3.2
[INFO]   from pom.xml
[INFO] --------------------------------[ jar ]---------------------------------
Warning:  1 problem was encountered while building the effective model for org.javassist:javassist:jar:3.16.1-GA during dependency collection step for project (use -X to see details)
[INFO] 
[INFO] --- clean:3.2.0:clean (default-clean) @ commons-email ---
[INFO] Deleting /home/runner/work/testci-common-email/testci-common-email/target
[INFO] 
[INFO] --- resources:3.4.0:resources (default-resources) @ commons-email ---
[INFO] Copying 1 resource from src/main/resources to target/classes
[INFO] 
[INFO] --- compiler:3.15.0:compile (default-compile) @ commons-email ---
[INFO] Recompiling the module because of changed source code.
target 11] to target/classes
Warning:  /home/runner/work/testci-common-email/testci-common-email/src/main/java/org/apache/commons/mail/EmailConstants.java:[44,32] deprecated item is not annotated with @Deprecated
[INFO] 
[INFO] --- resources:3.4.0:testResources (default-testResources) @ commons-email ---
[INFO] Copying 19 resources from src/test/resources to target/test-classes
[INFO] 
[INFO] --- compiler:3.15.0:testCompile (default-testCompile) @ commons-email ---
[INFO] Recompiling the module because of changed dependency.
target 11] to target/test-classes
[INFO] 
[INFO] --- surefire:3.5.4:test (default-test) @ commons-email ---
[INFO] Using auto detected provider org.apache.maven.surefire.junit4.JUnit4Provider
[INFO] 
[INFO] -------------------------------------------------------
[INFO]  T E S T S
[INFO] -------------------------------------------------------
[INFO] Running org.apache.commons.mail.EmailTest
[INFO] Tests run: 15, Failures: 0, Errors: 0, Skipped: 0, Time elapsed: 0.124 s -- in org.apache.commons.mail.EmailTest
[INFO] 
[INFO] Results:
[INFO] 
[INFO] Tests run: 15, Failures: 0, Errors: 0, Skipped: 0
[INFO] 
[INFO] ------------------------------------------------------------------------
[INFO] BUILD SUCCESS
[INFO] ------------------------------------------------------------------------
[INFO] Total time:  2.906 s
[INFO] Finished at: 2026-04-14T19:27:42Z
[INFO] ------------------------------------------------------------------------
0s
Post job cleanup.
Cache hit occurred on the primary key setup-java-Linux-x64-maven-dd3adc34d4988a9fca1c3cfd33fe2dc60fa478db541ea98c77afd845366e5b2b, not saving cache.
0s
Post job cleanup.
/usr/bin/git version
git version 2.53.0
Temporarily overriding HOME='/home/runner/work/_temp/18b7ac68-4fd1-41bb-bd3f-d39875e4253b' before making global git config changes
Adding repository directory to the temporary git global config as a safe directory
/usr/bin/git config --global --add safe.directory /home/runner/work/testci-common-email/testci-common-email
/usr/bin/git config --local --name-only --get-regexp core\.sshCommand
/usr/bin/git submodule foreach --recursive sh -c "git config --local --name-only --get-regexp 'core\.sshCommand' && git config --local --unset-all 'core.sshCommand' || :"
/usr/bin/git config --local --name-only --get-regexp http\.https\:\/\/github\.com\/\.extraheader
http.https://github.com/.extraheader
/usr/bin/git config --local --unset-all http.https://github.com/.extraheader
/usr/bin/git submodule foreach --recursive sh -c "git config --local --name-only --get-regexp 'http\.https\:\/\/github\.com\/\.extraheader' && git config --local --unset-all 'http.https://github.com/.extraheader' || :"
/usr/bin/git config --local --name-only --get-regexp ^includeIf\.gitdir:
/usr/bin/git submodule foreach --recursive git config --local --show-origin --name-only --get-regexp remote.origin.url
0s
Cleaning up orphan processes
Warning: Node.js 20 actions are deprecated. The following actions are running on Node.js 20 and may not work as expected: actions/checkout@v4, actions/setup-java@v4. Actions will be forced to run with Node.js 24 by default starting June 2nd, 2026. Node.js 20 will be removed from the runner on September 16th, 2026. Please check if updated versions of these actions are available that support Node.js 24. To opt into Node.js 24 now, set the FORCE_JAVASCRIPT_ACTIONS_TO_NODE24=true environment variable on the runner or in your workflow file. Once Node.js 24 becomes the default, you can temporarily opt out by setting ACTIONS_ALLOW_USE_UNSECURE_NODE_VERSION=true. For more information see: https://github.blog/changelog/2025-09-19-deprecation-of-node-20-on-github-actions-runners/